--------------------------------------------------------------------------------
[May 01, 2026 3:36:59.6 AM GMT:ERROR:creative_new_tab_page_ads_util.cc(157)] Successfully saved creative new tab page ads
[May 01, 2026 3:36:59.6 AM GMT:ERROR:creative_new_tab_page_ads_util.cc(142)] Successfully saved creative set conversions
--------------------------------------------------------------------------------
[May 01, 2026 4:26:16.9 AM GMT:ERROR:creative_new_tab_page_ads_util.cc(157)] Successfully saved creative new tab page ads
[May 01, 2026 4:26:16.9 AM GMT:ERROR:creative_new_tab_page_ads_util.cc(142)] Successfully saved creative set conversions
[May 02, 2026 2:20:29.1 AM GMT:ERROR:creative_new_tab_page_ads_util.cc(157)] Successfully saved creative new tab page ads
[May 02, 2026 2:20:29.1 AM GMT:ERROR:creative_new_tab_page_ads_util.cc(142)] Successfully saved creative set conversions
--------------------------------------------------------------------------------
[May 02, 2026 6:43:15.6 AM GMT:ERROR:creative_new_tab_page_ads_util.cc(157)] Successfully saved creative new tab page ads
[May 02, 2026 6:43:15.6 AM GMT:ERROR:creative_new_tab_page_ads_util.cc(142)] Successfully saved creative set conversions
[May 02, 2026 6:43:28.8 AM GMT:ERROR:creative_new_tab_page_ads_util.cc(157)] Successfully saved creative new tab page ads
[May 02, 2026 6:43:28.8 AM GMT:ERROR:creative_new_tab_page_ads_util.cc(142)] Successfully saved creative set conversions
--------------------------------------------------------------------------------
[May 02, 2026 11:56:27.7 PM GMT:ERROR:creative_new_tab_page_ads_util.cc(157)] Successfully saved creative new tab page ads
[May 02, 2026 11:56:27.7 PM GMT:ERROR:creative_new_tab_page_ads_util.cc(142)] Successfully saved creative set conversions
--------------------------------------------------------------------------------
[May 03, 2026 1:02:37.3 AM GMT:ERROR:creative_new_tab_page_ads_util.cc(157)] Successfully saved creative new tab page ads
[May 03, 2026 1:02:37.3 AM GMT:ERROR:creative_new_tab_page_ads_util.cc(142)] Successfully saved creative set conversions
--------------------------------------------------------------------------------
[May 07, 2026 2:39:35.4 AM GMT:ERROR:creative_new_tab_page_ads_util.cc(157)] Successfully saved creative new tab page ads
[May 07, 2026 2:39:35.4 AM GMT:ERROR:creative_new_tab_page_ads_util.cc(142)] Successfully saved creative set conversions
[May 07, 2026 2:39:38.5 AM GMT:ERROR:creative_new_tab_page_ads_util.cc(157)] Successfully saved creative new tab page ads
[May 07, 2026 2:39:38.5 AM GMT:ERROR:creative_new_tab_page_ads_util.cc(142)] Successfully saved creative set conversions
[May 08, 2026 12:32:00.7 AM GMT:ERROR:creative_new_tab_page_ads_util.cc(157)] Successfully saved creative new tab page ads
[May 08, 2026 12:32:00.7 AM GMT:ERROR:creative_new_tab_page_ads_util.cc(142)] Successfully saved creative set conversions
[May 08, 2026 10:24:20.7 PM GMT:ERROR:creative_new_tab_page_ads_util.cc(157)] Successfully saved creative new tab page ads
[May 08, 2026 10:24:20.7 PM GMT:ERROR:creative_new_tab_page_ads_util.cc(142)] Successfully saved creative set conversions
