2026-05-08 18:21:08.467 [info] [main] Log level: Info
2026-05-08 18:21:08.467 [info] [main] Validating found git in: "git"
2026-05-08 18:21:08.467 [info] [main] Using git "2.43.0" from "git"
2026-05-08 18:21:08.467 [info] [Model][doInitialScan] Initial repository scan started
2026-05-08 18:21:08.467 [info] > git rev-parse --show-toplevel [28ms]
2026-05-08 18:21:08.468 [info] > git rev-parse --git-dir --git-common-dir --show-superproject-working-tree [972ms]
2026-05-08 18:21:08.468 [info] [Model][openRepository] Opened repository (path): /home/umi/umi-exchange
2026-05-08 18:21:08.468 [info] [Model][openRepository] Opened repository (real path): /home/umi/umi-exchange
2026-05-08 18:21:08.468 [info] [Model][openRepository] Opened repository (kind): repository
2026-05-08 18:21:08.468 [info] > git config --get commit.template [120ms]
2026-05-08 18:21:08.482 [info] [Git][getRemotes] No remotes found in the git config file
2026-05-08 18:21:08.489 [info] > git for-each-ref --format=%(refname)%00%(upstream:short)%00%(objectname)%00%(upstream:track)%00%(upstream:remotename)%00%(upstream:remoteref) refs/heads/master refs/remotes/master [9ms]
2026-05-08 18:21:08.532 [info] > git status -z -uall [31ms]
2026-05-08 18:21:08.537 [info] > git rev-parse --show-toplevel [5ms]
2026-05-08 18:21:08.537 [info] > git for-each-ref --sort -committerdate --format %(refname)%00%(objectname)%00%(*objectname) [21ms]
2026-05-08 18:21:08.588 [info] > git for-each-ref --format=%(refname)%00%(upstream:short)%00%(objectname)%00%(upstream:track)%00%(upstream:remotename)%00%(upstream:remoteref) refs/heads/master refs/remotes/master [28ms]
2026-05-08 18:21:08.605 [info] > git config --get --local branch.master.vscode-merge-base [6ms]
2026-05-08 18:21:08.605 [warning] [Git][config] git config failed: Failed to execute git
2026-05-08 18:21:08.617 [info] > git config --get commit.template [30ms]
2026-05-08 18:21:08.617 [info] > git rev-parse --show-toplevel [42ms]
2026-05-08 18:21:08.646 [info] [Git][getRemotes] No remotes found in the git config file
2026-05-08 18:21:08.648 [info] > git rev-parse --show-toplevel [17ms]
2026-05-08 18:21:08.648 [info] > git reflog master --grep-reflog=branch: Created from *. [32ms]
2026-05-08 18:21:08.670 [info] > git for-each-ref --format=%(refname)%00%(upstream:short)%00%(objectname)%00%(upstream:track)%00%(upstream:remotename)%00%(upstream:remoteref) refs/heads/master refs/remotes/master [23ms]
2026-05-08 18:21:08.722 [info] > git status -z -uall [39ms]
2026-05-08 18:21:08.722 [info] > git for-each-ref --sort -committerdate --format %(refname)%00%(objectname)%00%(*objectname) [25ms]
2026-05-08 18:21:08.786 [info] > git rev-parse --show-toplevel [119ms]
2026-05-08 18:21:08.846 [info] > git rev-parse --show-toplevel [13ms]
2026-05-08 18:21:08.919 [info] > git rev-parse --show-toplevel [18ms]
2026-05-08 18:21:08.944 [info] > git rev-parse --show-toplevel [4ms]
2026-05-08 18:21:09.011 [info] > git check-ignore -v -z --stdin [14ms]
2026-05-08 18:21:09.012 [info] > git rev-parse --show-toplevel [42ms]
2026-05-08 18:21:09.069 [info] > git rev-parse --show-toplevel [6ms]
2026-05-08 18:21:09.073 [info] [Model][doInitialScan] Initial repository scan completed - repositories (1), closed repositories (0), parent repositories (0), unsafe repositories (0)
