starting generic LSP server
 INFO Reading messages
 INFO File /home/umi/umi-exchange/apps/__init__.py opened, prepare to validate open files.
 INFO Ran task on sourcedb_queue heavy task queue. Queue time: 0.00, task time: 0.00
 INFO Published 0 diagnostics for file:///home/umi/umi-exchange/apps/__init__.py
 INFO Validated open files and committed transaction.
 INFO Cleared 1 dropped configs from config cache
 INFO Language server processed event `DidOpenTextDocument` in 0.32s (0.00s waiting)
 INFO Language server processed event `LspResponse` in 0.00s (0.31s waiting)
 INFO Client configuration applied to workspace: Some(Url { scheme: "file", cannot_be_a_base: false, username: "", password: None, host: None, port: None, path: "/home/umi/umi-exchange", query: None, fragment: None })
 INFO Client configuration applied to workspace: None
 INFO Language server processed event `LspResponse` in 0.04s (0.31s waiting)
 INFO Language server processed event `LspResponse` in 0.00s (0.03s waiting)
 INFO Language server processed event `LspResponse` in 0.00s (0.03s waiting)
 INFO Invalidated config, prepare to recheck open files.
 INFO Ran task on recheck_queue heavy task queue. Queue time: 0.00, task time: 0.00
 INFO Cleared 2 dropped configs from config cache
 INFO Ran task on recheck_queue heavy task queue. Queue time: 0.00, task time: 0.00
 INFO Populating all files in the config (PythonToolMarker("/home/umi/umi-exchange/pyproject.toml")).
 INFO Published 0 diagnostics for file:///home/umi/umi-exchange/apps/__init__.py
 INFO Validated open files and committed transaction.
 INFO Language server processed event `RecheckFinished` in 0.00s (0.00s waiting)
 INFO Language server processed event `LspResponse` in 0.00s (0.00s waiting)
 INFO Language server processed event `LspResponse` in 0.00s (0.00s waiting)
 INFO Prepare to check 104 files.
 INFO Populated all files in the project path, prepare to recheck open files.
 INFO Ran task on recheck_queue heavy task queue. Queue time: 0.00, task time: 0.09
 INFO Populating up to 2000 files in the workspace ("/home/umi/umi-exchange").
 INFO Published 0 diagnostics for file:///home/umi/umi-exchange/apps/__init__.py
 INFO Validated open files and committed transaction.
 INFO Language server processed event `RecheckFinished` in 0.00s (0.00s waiting)
 INFO Language server processed event `LspResponse` in 0.00s (0.00s waiting)
 INFO Prepare to check 104 files.
 INFO Populated all files in the workspace, prepare to recheck open files.
 INFO Ran task on recheck_queue heavy task queue. Queue time: 0.09, task time: 0.01
 INFO Published 0 diagnostics for file:///home/umi/umi-exchange/apps/__init__.py
 INFO Validated open files and committed transaction.
 INFO Language server processed event `RecheckFinished` in 0.00s (0.00s waiting)
 INFO Language server processed event `LspResponse` in 0.00s (0.00s waiting)
 INFO File /home/umi/umi-exchange/apps/audit/middleware.py opened, prepare to validate open files.
 INFO Ran task on sourcedb_queue heavy task queue. Queue time: 0.00, task time: 0.00
 INFO Published 0 diagnostics for file:///home/umi/umi-exchange/apps/__init__.py
 INFO Published 0 diagnostics for file:///home/umi/umi-exchange/apps/audit/middleware.py
 INFO Validated open files and committed transaction.
 INFO Language server processed event `DidOpenTextDocument` in 0.01s (0.00s waiting)
 INFO Language server processed event `LspResponse` in 0.00s (0.00s waiting)
 INFO Language server processed event `LspResponse` in 0.00s (0.00s waiting)
 INFO [Pyrefly] DidChangeWatchedFiles: 1 file(s) changed (1 created, 0 modified, 0 removed, 0 unknown)
 INFO [Pyrefly] Re-registering file watchers
 INFO Language server processed event `DidChangeWatchedFiles` in 0.00s (0.00s waiting)
 INFO Language server processed event `LspResponse` in 0.00s (0.00s waiting)
 INFO Language server processed event `LspResponse` in 0.00s (0.00s waiting)
 INFO Invalidated state, prepare to recheck open files.
 INFO Ran task on recheck_queue heavy task queue. Queue time: 0.00, task time: 0.11
 INFO Published 0 diagnostics for file:///home/umi/umi-exchange/apps/__init__.py
 INFO Published 0 diagnostics for file:///home/umi/umi-exchange/apps/audit/middleware.py
 INFO Validated open files and committed transaction.
 INFO Language server processed event `RecheckFinished` in 0.00s (0.00s waiting)
 INFO Language server processed event `LspResponse` in 0.00s (0.00s waiting)
 INFO File /home/umi/umi-exchange/config/settings/base.py opened, prepare to validate open files.
 INFO Ran task on sourcedb_queue heavy task queue. Queue time: 0.00, task time: 0.00
 INFO Published 0 diagnostics for file:///home/umi/umi-exchange/apps/__init__.py
 INFO Published 10 diagnostics for file:///home/umi/umi-exchange/config/settings/base.py
 INFO Published 0 diagnostics for file:///home/umi/umi-exchange/apps/audit/middleware.py
 INFO Validated open files and committed transaction.
 INFO Language server processed event `DidOpenTextDocument` in 0.01s (0.00s waiting)
 INFO Language server processed event `LspResponse` in 0.00s (0.00s waiting)
 INFO Language server processed event `LspResponse` in 0.00s (0.00s waiting)
 INFO [Pyrefly] DidChangeWatchedFiles: 1 file(s) changed (0 created, 1 modified, 0 removed, 0 unknown)
 INFO Language server processed event `DidChangeWatchedFiles` in 0.00s (0.00s waiting)
 INFO Language server processed event `LspResponse` in 0.00s (0.00s waiting)
 INFO Invalidated state, prepare to recheck open files.
 INFO Ran task on recheck_queue heavy task queue. Queue time: 0.00, task time: 0.02
 INFO Published 0 diagnostics for file:///home/umi/umi-exchange/apps/__init__.py
 INFO Published 10 diagnostics for file:///home/umi/umi-exchange/config/settings/base.py
 INFO Published 0 diagnostics for file:///home/umi/umi-exchange/apps/audit/middleware.py
 INFO Validated open files and committed transaction.
 INFO Language server processed event `RecheckFinished` in 0.00s (0.00s waiting)
 INFO Language server processed event `LspResponse` in 0.00s (0.00s waiting)
 INFO File /home/umi/umi-exchange/apps/accounts/urls_settings.py opened, prepare to validate open files.
 INFO Ran task on sourcedb_queue heavy task queue. Queue time: 0.00, task time: 0.00
 INFO Published 0 diagnostics for file:///home/umi/umi-exchange/apps/__init__.py
 INFO Published 2 diagnostics for file:///home/umi/umi-exchange/apps/accounts/urls_settings.py
 INFO Published 10 diagnostics for file:///home/umi/umi-exchange/config/settings/base.py
 INFO Published 0 diagnostics for file:///home/umi/umi-exchange/apps/audit/middleware.py
 INFO Validated open files and committed transaction.
 INFO Language server processed event `DidOpenTextDocument` in 0.01s (0.00s waiting)
 INFO Language server processed event `LspResponse` in 0.00s (0.00s waiting)
 INFO Language server processed event `LspResponse` in 0.00s (0.00s waiting)
 INFO [Pyrefly] DidChangeWatchedFiles: 1 file(s) changed (0 created, 1 modified, 0 removed, 0 unknown)
 INFO Language server processed event `DidChangeWatchedFiles` in 0.00s (0.00s waiting)
 INFO Language server processed event `LspResponse` in 0.00s (0.00s waiting)
 INFO Invalidated state, prepare to recheck open files.
 INFO Ran task on recheck_queue heavy task queue. Queue time: 0.00, task time: 0.01
 INFO Published 0 diagnostics for file:///home/umi/umi-exchange/apps/__init__.py
 INFO Published 2 diagnostics for file:///home/umi/umi-exchange/apps/accounts/urls_settings.py
 INFO Published 10 diagnostics for file:///home/umi/umi-exchange/config/settings/base.py
 INFO Published 0 diagnostics for file:///home/umi/umi-exchange/apps/audit/middleware.py
 INFO Validated open files and committed transaction.
 INFO Language server processed event `RecheckFinished` in 0.00s (0.00s waiting)
 INFO Language server processed event `LspResponse` in 0.00s (0.00s waiting)
 INFO Handling non-canceled request pyrefly/textDocument/typeErrorDisplayStatus (1)
 INFO Language server processed event `LspRequest(pyrefly/textDocument/typeErrorDisplayStatus)` in 0.00s (0.00s waiting)
 INFO Handling non-canceled request textDocument/codeAction (2)
 INFO Language server processed event `LspRequest(textDocument/codeAction)` in 0.00s (0.00s waiting)
 INFO File /__pyrefly_virtual__/inmemory/34-0.py opened, prepare to validate open files.
 INFO Ran task on sourcedb_queue heavy task queue. Queue time: 0.00, task time: 0.00
 INFO Published 0 diagnostics for file:///home/umi/umi-exchange/apps/__init__.py
 INFO Published 2 diagnostics for file:///home/umi/umi-exchange/apps/accounts/urls_settings.py
 INFO Published 2 diagnostics for file:///__pyrefly_virtual__/inmemory/34-0.py
 INFO Published 10 diagnostics for file:///home/umi/umi-exchange/config/settings/base.py
 INFO Published 0 diagnostics for file:///home/umi/umi-exchange/apps/audit/middleware.py
 INFO Validated open files and committed transaction.
 INFO Language server processed event `DidOpenTextDocument` in 0.00s (0.00s waiting)
 INFO Handling non-canceled request textDocument/documentSymbol (3)
 INFO Language server processed event `LspRequest(textDocument/documentSymbol)` in 0.00s (0.00s waiting)
 INFO Language server processed event `LspResponse` in 0.00s (0.00s waiting)
 INFO Language server processed event `LspResponse` in 0.00s (0.00s waiting)
 INFO Handling non-canceled request textDocument/inlayHint (4)
 INFO Language server processed event `LspRequest(textDocument/inlayHint)` in 0.05s (0.00s waiting)
 INFO We should cancel request RequestId(I32(5))
 INFO Language server processed event `CancelRequest` in 0.00s (0.01s waiting)
 INFO Request textDocument/semanticTokens/full (5) is canceled due to explicit cancellation
 INFO Language server processed event `LspRequest(textDocument/semanticTokens/full)` in 0.00s (0.05s waiting)
 INFO Published 0 diagnostics for inmemory://model/34
 INFO Language server processed event `DidCloseTextDocument` in 0.00s (0.01s waiting)
 INFO File /__pyrefly_virtual__/inmemory/35-1.py opened, prepare to validate open files.
 INFO Ran task on sourcedb_queue heavy task queue. Queue time: 0.00, task time: 0.00
 INFO Ran task on sourcedb_queue heavy task queue. Queue time: 0.00, task time: 0.00
 INFO Published 0 diagnostics for file:///home/umi/umi-exchange/apps/__init__.py
 INFO Published 2 diagnostics for file:///home/umi/umi-exchange/apps/accounts/urls_settings.py
 INFO Published 2 diagnostics for file:///__pyrefly_virtual__/inmemory/35-1.py
 INFO Published 10 diagnostics for file:///home/umi/umi-exchange/config/settings/base.py
 INFO Published 0 diagnostics for file:///home/umi/umi-exchange/apps/audit/middleware.py
 INFO Validated open files and saved non-committable transaction.
 INFO Language server processed event `DidOpenTextDocument` in 0.00s (0.00s waiting)
 INFO Ran task on recheck_queue heavy task queue. Queue time: 0.00, task time: 0.00
 INFO Language server processed event `LspResponse` in 0.00s (0.00s waiting)
 INFO Language server processed event `LspResponse` in 0.00s (0.00s waiting)
 INFO Handling non-canceled request textDocument/codeAction (6)
 INFO Language server processed event `LspRequest(textDocument/codeAction)` in 0.00s (0.00s waiting)
 INFO Handling non-canceled request textDocument/documentSymbol (7)
 INFO Language server processed event `LspRequest(textDocument/documentSymbol)` in 0.00s (0.00s waiting)
 INFO Handling non-canceled request textDocument/codeLens (8)
 INFO Language server processed event `LspRequest(textDocument/codeLens)` in 0.00s (0.00s waiting)
 INFO Handling non-canceled request textDocument/semanticTokens/full (9)
 INFO Language server processed event `LspRequest(textDocument/semanticTokens/full)` in 0.00s (0.00s waiting)
 INFO Handling non-canceled request textDocument/semanticTokens/full (10)
 INFO Language server processed event `LspRequest(textDocument/semanticTokens/full)` in 0.00s (0.00s waiting)
 INFO Handling non-canceled request textDocument/codeAction (11)
 INFO Language server processed event `LspRequest(textDocument/codeAction)` in 0.00s (0.00s waiting)
 INFO Handling non-canceled request textDocument/foldingRange (12)
 INFO Language server processed event `LspRequest(textDocument/foldingRange)` in 0.00s (0.00s waiting)
 INFO Handling non-canceled request textDocument/codeAction (13)
 INFO Language server processed event `LspRequest(textDocument/codeAction)` in 0.00s (0.00s waiting)
 INFO Handling non-canceled request textDocument/inlayHint (14)
 INFO Language server processed event `LspRequest(textDocument/inlayHint)` in 0.00s (0.00s waiting)
 INFO Published 0 diagnostics for inmemory://model/35
 INFO Language server processed event `DidCloseTextDocument` in 0.00s (0.00s waiting)
 INFO Ran task on sourcedb_queue heavy task queue. Queue time: 0.00, task time: 0.00
 INFO Ran task on recheck_queue heavy task queue. Queue time: 0.00, task time: 0.00
 INFO Handling non-canceled request textDocument/inlayHint (15)
 INFO Language server processed event `LspRequest(textDocument/inlayHint)` in 0.00s (0.00s waiting)
 INFO Handling non-canceled request pyrefly/textDocument/typeErrorDisplayStatus (16)
 INFO Language server processed event `LspRequest(pyrefly/textDocument/typeErrorDisplayStatus)` in 0.00s (0.00s waiting)
 INFO Handling non-canceled request textDocument/codeAction (17)
 INFO Language server processed event `LspRequest(textDocument/codeAction)` in 0.00s (0.00s waiting)
 INFO Handling non-canceled request textDocument/documentSymbol (18)
 INFO Language server processed event `LspRequest(textDocument/documentSymbol)` in 0.00s (0.00s waiting)
 INFO File /__pyrefly_virtual__/inmemory/37-2.py opened, prepare to validate open files.
 INFO Ran task on sourcedb_queue heavy task queue. Queue time: 0.00, task time: 0.00
 INFO Published 0 diagnostics for file:///home/umi/umi-exchange/apps/__init__.py
 INFO Published 2 diagnostics for file:///home/umi/umi-exchange/apps/accounts/urls_settings.py
 INFO Published 2 diagnostics for file:///__pyrefly_virtual__/inmemory/37-2.py
 INFO Published 10 diagnostics for file:///home/umi/umi-exchange/config/settings/base.py
 INFO Published 0 diagnostics for file:///home/umi/umi-exchange/apps/audit/middleware.py
 INFO Validated open files and committed transaction.
 INFO Language server processed event `DidOpenTextDocument` in 0.00s (0.00s waiting)
 INFO Language server processed event `LspResponse` in 0.00s (0.00s waiting)
 INFO Language server processed event `LspResponse` in 0.00s (0.00s waiting)
 INFO Handling non-canceled request textDocument/inlayHint (19)
 INFO Language server processed event `LspRequest(textDocument/inlayHint)` in 0.00s (0.00s waiting)
 INFO Handling non-canceled request textDocument/semanticTokens/full (20)
 INFO Language server processed event `LspRequest(textDocument/semanticTokens/full)` in 0.00s (0.00s waiting)
 INFO Published 0 diagnostics for inmemory://model/37
 INFO Language server processed event `DidCloseTextDocument` in 0.00s (0.00s waiting)
 INFO Ran task on sourcedb_queue heavy task queue. Queue time: 0.00, task time: 0.00
 INFO Ran task on recheck_queue heavy task queue. Queue time: 0.00, task time: 0.00
 INFO File /__pyrefly_virtual__/inmemory/38-3.py opened, prepare to validate open files.
 INFO Ran task on sourcedb_queue heavy task queue. Queue time: 0.00, task time: 0.00
 INFO Published 0 diagnostics for file:///home/umi/umi-exchange/apps/__init__.py
 INFO Published 2 diagnostics for file:///home/umi/umi-exchange/apps/accounts/urls_settings.py
 INFO Published 2 diagnostics for file:///__pyrefly_virtual__/inmemory/38-3.py
 INFO Published 10 diagnostics for file:///home/umi/umi-exchange/config/settings/base.py
 INFO Published 0 diagnostics for file:///home/umi/umi-exchange/apps/audit/middleware.py
 INFO Validated open files and committed transaction.
 INFO Language server processed event `DidOpenTextDocument` in 0.00s (0.00s waiting)
 INFO Language server processed event `LspResponse` in 0.00s (0.00s waiting)
 INFO Language server processed event `LspResponse` in 0.00s (0.00s waiting)
 INFO Handling non-canceled request textDocument/foldingRange (21)
 INFO Language server processed event `LspRequest(textDocument/foldingRange)` in 0.00s (0.00s waiting)
 INFO Handling non-canceled request textDocument/codeAction (22)
 INFO Language server processed event `LspRequest(textDocument/codeAction)` in 0.00s (0.00s waiting)
 INFO Handling non-canceled request textDocument/inlayHint (23)
 INFO Language server processed event `LspRequest(textDocument/inlayHint)` in 0.00s (0.00s waiting)
 INFO Handling non-canceled request textDocument/documentSymbol (24)
 INFO Language server processed event `LspRequest(textDocument/documentSymbol)` in 0.00s (0.00s waiting)
 INFO Handling non-canceled request textDocument/codeLens (25)
 INFO Language server processed event `LspRequest(textDocument/codeLens)` in 0.00s (0.00s waiting)
 INFO Handling non-canceled request textDocument/semanticTokens/full (26)
 INFO Language server processed event `LspRequest(textDocument/semanticTokens/full)` in 0.00s (0.00s waiting)
 INFO Handling non-canceled request textDocument/semanticTokens/full (27)
 INFO Language server processed event `LspRequest(textDocument/semanticTokens/full)` in 0.00s (0.00s waiting)
 INFO Handling non-canceled request textDocument/codeAction (28)
 INFO Language server processed event `LspRequest(textDocument/codeAction)` in 0.00s (0.00s waiting)
 INFO Handling non-canceled request textDocument/codeAction (29)
 INFO Language server processed event `LspRequest(textDocument/codeAction)` in 0.00s (0.00s waiting)
 INFO Handling non-canceled request textDocument/codeAction (30)
 INFO Language server processed event `LspRequest(textDocument/codeAction)` in 0.00s (0.00s waiting)
 INFO Handling non-canceled request textDocument/codeAction (31)
 INFO Language server processed event `LspRequest(textDocument/codeAction)` in 0.00s (0.00s waiting)
 INFO Handling non-canceled request textDocument/codeAction (32)
 INFO Language server processed event `LspRequest(textDocument/codeAction)` in 0.00s (0.00s waiting)
 INFO Handling non-canceled request textDocument/codeAction (33)
 INFO Language server processed event `LspRequest(textDocument/codeAction)` in 0.00s (0.00s waiting)
 INFO Handling non-canceled request textDocument/codeAction (34)
 INFO Language server processed event `LspRequest(textDocument/codeAction)` in 0.00s (0.00s waiting)
 INFO Handling non-canceled request textDocument/codeAction (35)
 INFO Language server processed event `LspRequest(textDocument/codeAction)` in 0.00s (0.00s waiting)
 INFO Handling non-canceled request textDocument/codeAction (36)
 INFO Language server processed event `LspRequest(textDocument/codeAction)` in 0.00s (0.00s waiting)
 INFO Handling non-canceled request textDocument/codeAction (37)
 INFO Language server processed event `LspRequest(textDocument/codeAction)` in 0.00s (0.00s waiting)
 INFO Handling non-canceled request textDocument/codeAction (38)
 INFO Language server processed event `LspRequest(textDocument/codeAction)` in 0.00s (0.00s waiting)
 INFO Handling non-canceled request textDocument/codeAction (39)
 INFO Language server processed event `LspRequest(textDocument/codeAction)` in 0.00s (0.00s waiting)
 INFO Handling non-canceled request textDocument/codeAction (40)
 INFO Language server processed event `LspRequest(textDocument/codeAction)` in 0.00s (0.00s waiting)
 INFO Handling non-canceled request textDocument/codeAction (41)
 INFO Language server processed event `LspRequest(textDocument/codeAction)` in 0.00s (0.00s waiting)
 INFO Handling non-canceled request textDocument/codeAction (42)
 INFO Language server processed event `LspRequest(textDocument/codeAction)` in 0.00s (0.00s waiting)
 INFO Handling non-canceled request textDocument/codeAction (43)
 INFO Language server processed event `LspRequest(textDocument/codeAction)` in 0.00s (0.00s waiting)
 INFO Handling non-canceled request textDocument/codeAction (44)
 INFO Language server processed event `LspRequest(textDocument/codeAction)` in 0.00s (0.00s waiting)
 INFO Handling non-canceled request textDocument/codeAction (45)
 INFO Language server processed event `LspRequest(textDocument/codeAction)` in 0.00s (0.00s waiting)
 INFO Handling non-canceled request textDocument/codeAction (46)
 INFO Language server processed event `LspRequest(textDocument/codeAction)` in 0.00s (0.00s waiting)
 INFO Handling non-canceled request textDocument/codeAction (47)
 INFO Language server processed event `LspRequest(textDocument/codeAction)` in 0.00s (0.00s waiting)
 INFO Handling non-canceled request textDocument/hover (48)
 INFO Language server processed event `LspRequest(textDocument/hover)` in 0.00s (0.00s waiting)
 INFO Published 0 diagnostics for inmemory://model/38
 INFO Language server processed event `DidCloseTextDocument` in 0.00s (0.00s waiting)
 INFO Ran task on sourcedb_queue heavy task queue. Queue time: 0.00, task time: 0.00
 INFO Ran task on recheck_queue heavy task queue. Queue time: 0.00, task time: 0.00
 INFO File /__pyrefly_virtual__/inmemory/40-4.py opened, prepare to validate open files.
 INFO Ran task on sourcedb_queue heavy task queue. Queue time: 0.00, task time: 0.00
 INFO Published 0 diagnostics for file:///home/umi/umi-exchange/apps/__init__.py
 INFO Published 2 diagnostics for file:///home/umi/umi-exchange/apps/accounts/urls_settings.py
 INFO Published 2 diagnostics for file:///__pyrefly_virtual__/inmemory/40-4.py
 INFO Published 10 diagnostics for file:///home/umi/umi-exchange/config/settings/base.py
 INFO Published 0 diagnostics for file:///home/umi/umi-exchange/apps/audit/middleware.py
 INFO Validated open files and committed transaction.
 INFO Language server processed event `DidOpenTextDocument` in 0.01s (0.00s waiting)
 INFO Language server processed event `LspResponse` in 0.00s (0.00s waiting)
 INFO Language server processed event `LspResponse` in 0.00s (0.00s waiting)
 INFO Handling non-canceled request textDocument/semanticTokens/full (49)
 INFO Language server processed event `LspRequest(textDocument/semanticTokens/full)` in 0.00s (0.00s waiting)
 INFO Handling non-canceled request textDocument/semanticTokens/full (50)
 INFO Language server processed event `LspRequest(textDocument/semanticTokens/full)` in 0.00s (0.00s waiting)
 INFO Handling non-canceled request textDocument/inlayHint (51)
 INFO Language server processed event `LspRequest(textDocument/inlayHint)` in 0.00s (0.00s waiting)
 INFO Handling non-canceled request textDocument/codeAction (52)
 INFO Language server processed event `LspRequest(textDocument/codeAction)` in 0.00s (0.00s waiting)
 INFO Handling non-canceled request textDocument/semanticTokens/full (53)
 INFO Language server processed event `LspRequest(textDocument/semanticTokens/full)` in 0.00s (0.00s waiting)
 INFO Published 0 diagnostics for inmemory://model/40
 INFO Language server processed event `DidCloseTextDocument` in 0.00s (0.00s waiting)
 INFO Ran task on sourcedb_queue heavy task queue. Queue time: 0.00, task time: 0.00
 INFO Ran task on recheck_queue heavy task queue. Queue time: 0.00, task time: 0.00
 INFO Handling non-canceled request textDocument/inlayHint (54)
 INFO Language server processed event `LspRequest(textDocument/inlayHint)` in 0.00s (0.00s waiting)
 INFO Handling non-canceled request textDocument/hover (55)
 INFO Language server processed event `LspRequest(textDocument/hover)` in 0.00s (0.00s waiting)
 INFO Handling non-canceled request pyrefly/textDocument/typeErrorDisplayStatus (56)
 INFO Language server processed event `LspRequest(pyrefly/textDocument/typeErrorDisplayStatus)` in 0.00s (0.00s waiting)
 INFO Handling non-canceled request textDocument/codeAction (57)
 INFO Language server processed event `LspRequest(textDocument/codeAction)` in 0.00s (0.00s waiting)
 INFO Handling non-canceled request textDocument/documentSymbol (58)
 INFO Language server processed event `LspRequest(textDocument/documentSymbol)` in 0.00s (0.00s waiting)
 INFO Handling non-canceled request textDocument/inlayHint (59)
 INFO Language server processed event `LspRequest(textDocument/inlayHint)` in 0.00s (0.00s waiting)
 INFO Handling non-canceled request textDocument/foldingRange (60)
 INFO Language server processed event `LspRequest(textDocument/foldingRange)` in 0.00s (0.00s waiting)
 INFO Handling non-canceled request textDocument/inlayHint (61)
 INFO Language server processed event `LspRequest(textDocument/inlayHint)` in 0.00s (0.00s waiting)
 INFO Handling non-canceled request textDocument/semanticTokens/full (62)
 INFO Language server processed event `LspRequest(textDocument/semanticTokens/full)` in 0.00s (0.00s waiting)
 INFO Handling non-canceled request textDocument/documentSymbol (63)
 INFO Language server processed event `LspRequest(textDocument/documentSymbol)` in 0.00s (0.00s waiting)
 INFO Handling non-canceled request textDocument/codeLens (64)
 INFO Language server processed event `LspRequest(textDocument/codeLens)` in 0.00s (0.00s waiting)
 INFO Handling non-canceled request textDocument/hover (65)
 INFO Language server processed event `LspRequest(textDocument/hover)` in 0.00s (0.00s waiting)
 INFO Handling non-canceled request textDocument/inlayHint (66)
 INFO Language server processed event `LspRequest(textDocument/inlayHint)` in 0.00s (0.00s waiting)
 INFO Handling non-canceled request pyrefly/textDocument/typeErrorDisplayStatus (67)
 INFO Language server processed event `LspRequest(pyrefly/textDocument/typeErrorDisplayStatus)` in 0.00s (0.00s waiting)
 INFO Handling non-canceled request textDocument/codeAction (68)
 INFO Language server processed event `LspRequest(textDocument/codeAction)` in 0.00s (0.00s waiting)
 INFO Handling non-canceled request textDocument/documentSymbol (69)
 INFO Language server processed event `LspRequest(textDocument/documentSymbol)` in 0.00s (0.00s waiting)
 INFO Handling non-canceled request textDocument/inlayHint (70)
 INFO Language server processed event `LspRequest(textDocument/inlayHint)` in 0.00s (0.00s waiting)
 INFO Handling non-canceled request textDocument/foldingRange (71)
 INFO Language server processed event `LspRequest(textDocument/foldingRange)` in 0.00s (0.00s waiting)
 INFO Handling non-canceled request textDocument/inlayHint (72)
 INFO Language server processed event `LspRequest(textDocument/inlayHint)` in 0.00s (0.00s waiting)
 INFO Handling non-canceled request textDocument/semanticTokens/full (73)
 INFO Language server processed event `LspRequest(textDocument/semanticTokens/full)` in 0.00s (0.00s waiting)
 INFO Handling non-canceled request textDocument/documentSymbol (74)
 INFO Language server processed event `LspRequest(textDocument/documentSymbol)` in 0.00s (0.00s waiting)
 INFO Handling non-canceled request textDocument/foldingRange (75)
 INFO Language server processed event `LspRequest(textDocument/foldingRange)` in 0.00s (0.00s waiting)
 INFO Handling non-canceled request textDocument/codeLens (76)
 INFO Language server processed event `LspRequest(textDocument/codeLens)` in 0.00s (0.00s waiting)
 INFO Handling non-canceled request textDocument/inlayHint (77)
 INFO Language server processed event `LspRequest(textDocument/inlayHint)` in 0.00s (0.00s waiting)
 INFO File /home/umi/umi-exchange/apps/accounts/views.py opened, prepare to validate open files.
 INFO Ran task on sourcedb_queue heavy task queue. Queue time: 0.00, task time: 0.00
 INFO Published 0 diagnostics for file:///home/umi/umi-exchange/apps/__init__.py
 INFO Published 2 diagnostics for file:///home/umi/umi-exchange/apps/accounts/urls_settings.py
 INFO Published 9 diagnostics for file:///home/umi/umi-exchange/apps/accounts/views.py
 INFO Published 10 diagnostics for file:///home/umi/umi-exchange/config/settings/base.py
 INFO Published 0 diagnostics for file:///home/umi/umi-exchange/apps/audit/middleware.py
 INFO Validated open files and committed transaction.
 INFO Language server processed event `DidOpenTextDocument` in 0.01s (0.00s waiting)
 INFO Language server processed event `LspResponse` in 0.00s (0.00s waiting)
 INFO Language server processed event `LspResponse` in 0.00s (0.00s waiting)
 INFO [Pyrefly] DidChangeWatchedFiles: 1 file(s) changed (0 created, 1 modified, 0 removed, 0 unknown)
 INFO Language server processed event `DidChangeWatchedFiles` in 0.00s (0.00s waiting)
 INFO Language server processed event `LspResponse` in 0.00s (0.00s waiting)
 INFO Invalidated state, prepare to recheck open files.
 INFO Ran task on recheck_queue heavy task queue. Queue time: 0.00, task time: 0.01
 INFO Published 0 diagnostics for file:///home/umi/umi-exchange/apps/__init__.py
 INFO Published 2 diagnostics for file:///home/umi/umi-exchange/apps/accounts/urls_settings.py
 INFO Published 9 diagnostics for file:///home/umi/umi-exchange/apps/accounts/views.py
 INFO Published 10 diagnostics for file:///home/umi/umi-exchange/config/settings/base.py
 INFO Published 0 diagnostics for file:///home/umi/umi-exchange/apps/audit/middleware.py
 INFO Validated open files and committed transaction.
 INFO Language server processed event `RecheckFinished` in 0.00s (0.00s waiting)
 INFO Language server processed event `LspResponse` in 0.00s (0.00s waiting)
 INFO Handling non-canceled request pyrefly/textDocument/typeErrorDisplayStatus (78)
 INFO Language server processed event `LspRequest(pyrefly/textDocument/typeErrorDisplayStatus)` in 0.00s (0.00s waiting)
 INFO Handling non-canceled request textDocument/codeAction (79)
 INFO Language server processed event `LspRequest(textDocument/codeAction)` in 0.00s (0.00s waiting)
 INFO Handling non-canceled request textDocument/documentSymbol (80)
 INFO Language server processed event `LspRequest(textDocument/documentSymbol)` in 0.00s (0.00s waiting)
 INFO Handling non-canceled request textDocument/inlayHint (81)
 INFO Language server processed event `LspRequest(textDocument/inlayHint)` in 0.00s (0.00s waiting)
 INFO Handling non-canceled request textDocument/foldingRange (82)
 INFO Language server processed event `LspRequest(textDocument/foldingRange)` in 0.00s (0.00s waiting)
 INFO Handling non-canceled request textDocument/inlayHint (83)
 INFO Language server processed event `LspRequest(textDocument/inlayHint)` in 0.00s (0.00s waiting)
 INFO Handling non-canceled request textDocument/codeAction (84)
 INFO Language server processed event `LspRequest(textDocument/codeAction)` in 0.00s (0.00s waiting)
 INFO Handling non-canceled request textDocument/semanticTokens/full (85)
 INFO Language server processed event `LspRequest(textDocument/semanticTokens/full)` in 0.00s (0.00s waiting)
 INFO Handling non-canceled request textDocument/documentSymbol (86)
 INFO Language server processed event `LspRequest(textDocument/documentSymbol)` in 0.00s (0.00s waiting)
 INFO Handling non-canceled request textDocument/codeAction (87)
 INFO Language server processed event `LspRequest(textDocument/codeAction)` in 0.00s (0.00s waiting)
 INFO Handling non-canceled request textDocument/codeLens (88)
 INFO Language server processed event `LspRequest(textDocument/codeLens)` in 0.00s (0.00s waiting)
 INFO Handling non-canceled request textDocument/codeAction (89)
 INFO Language server processed event `LspRequest(textDocument/codeAction)` in 0.00s (0.00s waiting)
 INFO Handling non-canceled request textDocument/codeAction (90)
 INFO Language server processed event `LspRequest(textDocument/codeAction)` in 0.00s (0.00s waiting)
 INFO Handling non-canceled request textDocument/codeAction (91)
 INFO Language server processed event `LspRequest(textDocument/codeAction)` in 0.00s (0.00s waiting)
 INFO Handling non-canceled request textDocument/codeAction (92)
 INFO Language server processed event `LspRequest(textDocument/codeAction)` in 0.00s (0.00s waiting)
 INFO Handling non-canceled request textDocument/codeAction (93)
 INFO Language server processed event `LspRequest(textDocument/codeAction)` in 0.00s (0.00s waiting)
 INFO Handling non-canceled request textDocument/codeAction (94)
 INFO Language server processed event `LspRequest(textDocument/codeAction)` in 0.00s (0.00s waiting)
 INFO Handling non-canceled request textDocument/codeAction (95)
 INFO Language server processed event `LspRequest(textDocument/codeAction)` in 0.00s (0.00s waiting)
 INFO Handling non-canceled request textDocument/hover (96)
 INFO Language server processed event `LspRequest(textDocument/hover)` in 0.00s (0.00s waiting)
 INFO Handling non-canceled request textDocument/hover (97)
 INFO Language server processed event `LspRequest(textDocument/hover)` in 0.00s (0.00s waiting)
 INFO File /home/umi/umi-exchange/apps/accounts/views.py changed, prepare to validate open files.
 INFO Published 0 diagnostics for file:///home/umi/umi-exchange/apps/__init__.py
 INFO Published 2 diagnostics for file:///home/umi/umi-exchange/apps/accounts/urls_settings.py
 INFO Published 8 diagnostics for file:///home/umi/umi-exchange/apps/accounts/views.py
 INFO Published 10 diagnostics for file:///home/umi/umi-exchange/config/settings/base.py
 INFO Published 0 diagnostics for file:///home/umi/umi-exchange/apps/audit/middleware.py
 INFO Validated open files and committed transaction.
 INFO Language server processed event `DidChangeTextDocument` in 0.01s (0.00s waiting)
 INFO Language server processed event `LspResponse` in 0.00s (0.00s waiting)
 INFO Handling non-canceled request textDocument/semanticTokens/full (98)
 INFO Language server processed event `LspRequest(textDocument/semanticTokens/full)` in 0.00s (0.00s waiting)
 INFO Handling non-canceled request textDocument/inlayHint (99)
 INFO Language server processed event `LspRequest(textDocument/inlayHint)` in 0.00s (0.00s waiting)
 INFO Handling non-canceled request textDocument/codeAction (100)
 INFO Language server processed event `LspRequest(textDocument/codeAction)` in 0.00s (0.00s waiting)
 INFO Handling non-canceled request textDocument/codeAction (101)
 INFO Language server processed event `LspRequest(textDocument/codeAction)` in 0.00s (0.00s waiting)
 INFO Handling non-canceled request textDocument/codeAction (102)
 INFO Language server processed event `LspRequest(textDocument/codeAction)` in 0.00s (0.00s waiting)
 INFO Handling non-canceled request textDocument/codeAction (103)
 INFO Language server processed event `LspRequest(textDocument/codeAction)` in 0.00s (0.00s waiting)
 INFO Handling non-canceled request textDocument/codeAction (104)
 INFO Language server processed event `LspRequest(textDocument/codeAction)` in 0.00s (0.00s waiting)
 INFO Handling non-canceled request textDocument/codeAction (105)
 INFO Language server processed event `LspRequest(textDocument/codeAction)` in 0.00s (0.00s waiting)
 INFO Handling non-canceled request textDocument/codeAction (106)
 INFO Language server processed event `LspRequest(textDocument/codeAction)` in 0.00s (0.00s waiting)
 INFO Handling non-canceled request textDocument/codeAction (107)
 INFO Language server processed event `LspRequest(textDocument/codeAction)` in 0.00s (0.00s waiting)
 INFO Handling non-canceled request textDocument/foldingRange (108)
 INFO Language server processed event `LspRequest(textDocument/foldingRange)` in 0.00s (0.00s waiting)
 INFO Handling non-canceled request textDocument/codeLens (109)
 INFO Language server processed event `LspRequest(textDocument/codeLens)` in 0.00s (0.00s waiting)
 INFO Handling non-canceled request textDocument/codeAction (110)
 INFO Language server processed event `LspRequest(textDocument/codeAction)` in 0.00s (0.00s waiting)
 INFO Handling non-canceled request textDocument/documentSymbol (111)
 INFO Language server processed event `LspRequest(textDocument/documentSymbol)` in 0.00s (0.00s waiting)
 INFO Handling non-canceled request textDocument/documentSymbol (112)
 INFO Language server processed event `LspRequest(textDocument/documentSymbol)` in 0.00s (0.00s waiting)
 INFO Handling non-canceled request textDocument/inlayHint (113)
 INFO Language server processed event `LspRequest(textDocument/inlayHint)` in 0.00s (0.00s waiting)
 INFO File /home/umi/umi-exchange/apps/accounts/views.py changed, prepare to validate open files.
 INFO Published 0 diagnostics for file:///home/umi/umi-exchange/apps/__init__.py
 INFO Published 2 diagnostics for file:///home/umi/umi-exchange/apps/accounts/urls_settings.py
 INFO Published 7 diagnostics for file:///home/umi/umi-exchange/apps/accounts/views.py
 INFO Published 10 diagnostics for file:///home/umi/umi-exchange/config/settings/base.py
 INFO Published 0 diagnostics for file:///home/umi/umi-exchange/apps/audit/middleware.py
 INFO Validated open files and committed transaction.
 INFO Language server processed event `DidChangeTextDocument` in 0.01s (0.00s waiting)
 INFO Language server processed event `LspResponse` in 0.00s (0.00s waiting)
 INFO Handling non-canceled request textDocument/inlayHint (114)
 INFO Language server processed event `LspRequest(textDocument/inlayHint)` in 0.00s (0.00s waiting)
 INFO Handling non-canceled request textDocument/semanticTokens/full (115)
 INFO Language server processed event `LspRequest(textDocument/semanticTokens/full)` in 0.00s (0.00s waiting)
 INFO Handling non-canceled request textDocument/codeAction (116)
 INFO Language server processed event `LspRequest(textDocument/codeAction)` in 0.00s (0.00s waiting)
 INFO Handling non-canceled request textDocument/codeAction (117)
 INFO Language server processed event `LspRequest(textDocument/codeAction)` in 0.00s (0.00s waiting)
 INFO Handling non-canceled request textDocument/codeAction (118)
 INFO Language server processed event `LspRequest(textDocument/codeAction)` in 0.00s (0.00s waiting)
 INFO Handling non-canceled request textDocument/codeAction (119)
 INFO Language server processed event `LspRequest(textDocument/codeAction)` in 0.00s (0.00s waiting)
 INFO Handling non-canceled request textDocument/codeAction (120)
 INFO Language server processed event `LspRequest(textDocument/codeAction)` in 0.00s (0.00s waiting)
 INFO Handling non-canceled request textDocument/codeAction (121)
 INFO Language server processed event `LspRequest(textDocument/codeAction)` in 0.00s (0.00s waiting)
 INFO Handling non-canceled request textDocument/codeAction (122)
 INFO Language server processed event `LspRequest(textDocument/codeAction)` in 0.00s (0.00s waiting)
 INFO Handling non-canceled request textDocument/foldingRange (123)
 INFO Language server processed event `LspRequest(textDocument/foldingRange)` in 0.00s (0.00s waiting)
 INFO Handling non-canceled request textDocument/codeLens (124)
 INFO Language server processed event `LspRequest(textDocument/codeLens)` in 0.00s (0.00s waiting)
 INFO Handling non-canceled request textDocument/codeAction (125)
 INFO Language server processed event `LspRequest(textDocument/codeAction)` in 0.00s (0.00s waiting)
 INFO Handling non-canceled request textDocument/documentSymbol (126)
 INFO Language server processed event `LspRequest(textDocument/documentSymbol)` in 0.00s (0.00s waiting)
 INFO Handling non-canceled request textDocument/documentSymbol (127)
 INFO Language server processed event `LspRequest(textDocument/documentSymbol)` in 0.00s (0.00s waiting)
 INFO Handling non-canceled request textDocument/codeAction (128)
 INFO Language server processed event `LspRequest(textDocument/codeAction)` in 0.00s (0.00s waiting)
 INFO Handling non-canceled request textDocument/codeAction (129)
 INFO Language server processed event `LspRequest(textDocument/codeAction)` in 0.00s (0.00s waiting)
 INFO Handling non-canceled request textDocument/codeAction (130)
 INFO Language server processed event `LspRequest(textDocument/codeAction)` in 0.00s (0.00s waiting)
 INFO Handling non-canceled request textDocument/codeAction (131)
 INFO Language server processed event `LspRequest(textDocument/codeAction)` in 0.00s (0.00s waiting)
 INFO Handling non-canceled request textDocument/codeAction (132)
 INFO Language server processed event `LspRequest(textDocument/codeAction)` in 0.00s (0.00s waiting)
 INFO Handling non-canceled request textDocument/codeAction (133)
 INFO Language server processed event `LspRequest(textDocument/codeAction)` in 0.00s (0.00s waiting)
 INFO Handling non-canceled request textDocument/inlayHint (134)
 INFO Language server processed event `LspRequest(textDocument/inlayHint)` in 0.00s (0.00s waiting)
 INFO Handling non-canceled request textDocument/codeAction (135)
 INFO Language server processed event `LspRequest(textDocument/codeAction)` in 0.00s (0.00s waiting)
 INFO File /home/umi/umi-exchange/apps/dashboard/views.py opened, prepare to validate open files.
 INFO Ran task on sourcedb_queue heavy task queue. Queue time: 0.00, task time: 0.00
 INFO Published 0 diagnostics for file:///home/umi/umi-exchange/apps/__init__.py
 INFO Published 2 diagnostics for file:///home/umi/umi-exchange/apps/accounts/urls_settings.py
 INFO Published 7 diagnostics for file:///home/umi/umi-exchange/apps/accounts/views.py
 INFO Published 10 diagnostics for file:///home/umi/umi-exchange/config/settings/base.py
 INFO Published 10 diagnostics for file:///home/umi/umi-exchange/apps/dashboard/views.py
 INFO Published 0 diagnostics for file:///home/umi/umi-exchange/apps/audit/middleware.py
 INFO Validated open files and committed transaction.
 INFO Language server processed event `DidOpenTextDocument` in 0.01s (0.00s waiting)
 INFO Language server processed event `LspResponse` in 0.00s (0.00s waiting)
 INFO Language server processed event `LspResponse` in 0.00s (0.00s waiting)
 INFO [Pyrefly] DidChangeWatchedFiles: 1 file(s) changed (0 created, 1 modified, 0 removed, 0 unknown)
 INFO Language server processed event `DidChangeWatchedFiles` in 0.00s (0.00s waiting)
 INFO Language server processed event `LspResponse` in 0.00s (0.00s waiting)
 INFO Invalidated state, prepare to recheck open files.
 INFO Ran task on recheck_queue heavy task queue. Queue time: 0.00, task time: 0.01
 INFO Published 0 diagnostics for file:///home/umi/umi-exchange/apps/__init__.py
 INFO Published 2 diagnostics for file:///home/umi/umi-exchange/apps/accounts/urls_settings.py
 INFO Published 7 diagnostics for file:///home/umi/umi-exchange/apps/accounts/views.py
 INFO Published 10 diagnostics for file:///home/umi/umi-exchange/config/settings/base.py
 INFO Published 10 diagnostics for file:///home/umi/umi-exchange/apps/dashboard/views.py
 INFO Published 0 diagnostics for file:///home/umi/umi-exchange/apps/audit/middleware.py
 INFO Validated open files and committed transaction.
 INFO Language server processed event `RecheckFinished` in 0.01s (0.00s waiting)
 INFO Language server processed event `LspResponse` in 0.00s (0.00s waiting)
 INFO File /home/umi/umi-exchange/apps/dashboard/views.py changed, prepare to validate open files.
 INFO Published 0 diagnostics for file:///home/umi/umi-exchange/apps/__init__.py
 INFO Published 2 diagnostics for file:///home/umi/umi-exchange/apps/accounts/urls_settings.py
 INFO Published 7 diagnostics for file:///home/umi/umi-exchange/apps/accounts/views.py
 INFO Published 10 diagnostics for file:///home/umi/umi-exchange/config/settings/base.py
 INFO Published 7 diagnostics for file:///home/umi/umi-exchange/apps/dashboard/views.py
 INFO Published 0 diagnostics for file:///home/umi/umi-exchange/apps/audit/middleware.py
 INFO Validated open files and committed transaction.
 INFO Language server processed event `DidChangeTextDocument` in 0.01s (0.00s waiting)
 INFO Language server processed event `LspResponse` in 0.00s (0.00s waiting)
 INFO [Pyrefly] DidChangeWatchedFiles: 1 file(s) changed (0 created, 1 modified, 0 removed, 0 unknown)
 INFO Language server processed event `DidChangeWatchedFiles` in 0.00s (0.00s waiting)
 INFO Language server processed event `LspResponse` in 0.00s (0.00s waiting)
 INFO Invalidated state, prepare to recheck open files.
 INFO Ran task on recheck_queue heavy task queue. Queue time: 0.00, task time: 0.02
 INFO Published 0 diagnostics for file:///home/umi/umi-exchange/apps/__init__.py
 INFO Published 2 diagnostics for file:///home/umi/umi-exchange/apps/accounts/urls_settings.py
 INFO Published 7 diagnostics for file:///home/umi/umi-exchange/apps/accounts/views.py
 INFO Published 10 diagnostics for file:///home/umi/umi-exchange/config/settings/base.py
 INFO Published 7 diagnostics for file:///home/umi/umi-exchange/apps/dashboard/views.py
 INFO Published 0 diagnostics for file:///home/umi/umi-exchange/apps/audit/middleware.py
 INFO Validated open files and committed transaction.
 INFO Language server processed event `RecheckFinished` in 0.01s (0.00s waiting)
 INFO Language server processed event `LspResponse` in 0.00s (0.00s waiting)
 INFO Published 0 diagnostics for file:///home/umi/umi-exchange/apps/__init__.py
 INFO Language server processed event `DidCloseTextDocument` in 0.00s (0.00s waiting)
 INFO Ran task on sourcedb_queue heavy task queue. Queue time: 0.00, task time: 0.00
 INFO Ran task on recheck_queue heavy task queue. Queue time: 0.00, task time: 0.00
 INFO File /home/umi/umi-exchange/apps/communities/urls.py opened, prepare to validate open files.
 INFO Ran task on sourcedb_queue heavy task queue. Queue time: 0.00, task time: 0.00
 INFO Published 2 diagnostics for file:///home/umi/umi-exchange/apps/accounts/urls_settings.py
 INFO Published 7 diagnostics for file:///home/umi/umi-exchange/apps/accounts/views.py
 INFO Published 1 diagnostics for file:///home/umi/umi-exchange/apps/communities/urls.py
 INFO Published 10 diagnostics for file:///home/umi/umi-exchange/config/settings/base.py
 INFO Published 7 diagnostics for file:///home/umi/umi-exchange/apps/dashboard/views.py
 INFO Published 0 diagnostics for file:///home/umi/umi-exchange/apps/audit/middleware.py
 INFO Validated open files and committed transaction.
 INFO Language server processed event `DidOpenTextDocument` in 0.01s (0.00s waiting)
 INFO Language server processed event `LspResponse` in 0.00s (0.00s waiting)
 INFO Language server processed event `LspResponse` in 0.00s (0.00s waiting)
 INFO [Pyrefly] DidChangeWatchedFiles: 1 file(s) changed (0 created, 1 modified, 0 removed, 0 unknown)
 INFO Language server processed event `DidChangeWatchedFiles` in 0.00s (0.00s waiting)
 INFO Language server processed event `LspResponse` in 0.00s (0.00s waiting)
 INFO Invalidated state, prepare to recheck open files.
 INFO Ran task on recheck_queue heavy task queue. Queue time: 0.00, task time: 0.00
 INFO Published 2 diagnostics for file:///home/umi/umi-exchange/apps/accounts/urls_settings.py
 INFO Published 7 diagnostics for file:///home/umi/umi-exchange/apps/accounts/views.py
 INFO Published 1 diagnostics for file:///home/umi/umi-exchange/apps/communities/urls.py
 INFO Published 10 diagnostics for file:///home/umi/umi-exchange/config/settings/base.py
 INFO Published 7 diagnostics for file:///home/umi/umi-exchange/apps/dashboard/views.py
 INFO Published 0 diagnostics for file:///home/umi/umi-exchange/apps/audit/middleware.py
 INFO Validated open files and committed transaction.
 INFO Language server processed event `RecheckFinished` in 0.00s (0.00s waiting)
 INFO Language server processed event `LspResponse` in 0.00s (0.00s waiting)
 INFO Handling non-canceled request pyrefly/textDocument/typeErrorDisplayStatus (136)
 INFO Language server processed event `LspRequest(pyrefly/textDocument/typeErrorDisplayStatus)` in 0.00s (0.00s waiting)
 INFO Handling non-canceled request textDocument/codeAction (137)
 INFO Language server processed event `LspRequest(textDocument/codeAction)` in 0.00s (0.00s waiting)
 INFO File /__pyrefly_virtual__/inmemory/80-5.py opened, prepare to validate open files.
 INFO Ran task on sourcedb_queue heavy task queue. Queue time: 0.00, task time: 0.00
 INFO Published 2 diagnostics for file:///home/umi/umi-exchange/apps/accounts/urls_settings.py
 INFO Published 7 diagnostics for file:///home/umi/umi-exchange/apps/accounts/views.py
 INFO Published 1 diagnostics for file:///home/umi/umi-exchange/apps/communities/urls.py
 INFO Published 2 diagnostics for file:///__pyrefly_virtual__/inmemory/80-5.py
 INFO Published 10 diagnostics for file:///home/umi/umi-exchange/config/settings/base.py
 INFO Published 7 diagnostics for file:///home/umi/umi-exchange/apps/dashboard/views.py
 INFO Published 0 diagnostics for file:///home/umi/umi-exchange/apps/audit/middleware.py
 INFO Validated open files and committed transaction.
 INFO Language server processed event `DidOpenTextDocument` in 0.00s (0.00s waiting)
 INFO Handling non-canceled request textDocument/documentSymbol (138)
 INFO Language server processed event `LspRequest(textDocument/documentSymbol)` in 0.00s (0.00s waiting)
 INFO Language server processed event `LspResponse` in 0.00s (0.00s waiting)
 INFO Language server processed event `LspResponse` in 0.00s (0.00s waiting)
 INFO Handling non-canceled request textDocument/inlayHint (139)
 INFO Language server processed event `LspRequest(textDocument/inlayHint)` in 0.00s (0.00s waiting)
 INFO Handling non-canceled request textDocument/semanticTokens/full (140)
 INFO Language server processed event `LspRequest(textDocument/semanticTokens/full)` in 0.00s (0.00s waiting)
 INFO Published 0 diagnostics for inmemory://model/80
 INFO Language server processed event `DidCloseTextDocument` in 0.00s (0.00s waiting)
 INFO Ran task on sourcedb_queue heavy task queue. Queue time: 0.00, task time: 0.00
 INFO File /__pyrefly_virtual__/inmemory/81-6.py opened, prepare to validate open files.
 INFO Ran task on recheck_queue heavy task queue. Queue time: 0.00, task time: 0.00
 INFO Ran task on sourcedb_queue heavy task queue. Queue time: 0.00, task time: 0.00
 INFO Published 2 diagnostics for file:///__pyrefly_virtual__/inmemory/81-6.py
 INFO Published 2 diagnostics for file:///home/umi/umi-exchange/apps/accounts/urls_settings.py
 INFO Published 7 diagnostics for file:///home/umi/umi-exchange/apps/accounts/views.py
 INFO Published 1 diagnostics for file:///home/umi/umi-exchange/apps/communities/urls.py
 INFO Published 10 diagnostics for file:///home/umi/umi-exchange/config/settings/base.py
 INFO Published 7 diagnostics for file:///home/umi/umi-exchange/apps/dashboard/views.py
 INFO Published 0 diagnostics for file:///home/umi/umi-exchange/apps/audit/middleware.py
 INFO Validated open files and committed transaction.
 INFO Language server processed event `DidOpenTextDocument` in 0.01s (0.00s waiting)
 INFO Language server processed event `LspResponse` in 0.00s (0.00s waiting)
 INFO Language server processed event `LspResponse` in 0.00s (0.00s waiting)
 INFO Handling non-canceled request textDocument/foldingRange (141)
 INFO Language server processed event `LspRequest(textDocument/foldingRange)` in 0.00s (0.00s waiting)
 INFO Handling non-canceled request textDocument/documentHighlight (142)
 INFO Language server processed event `LspRequest(textDocument/documentHighlight)` in 0.00s (0.00s waiting)
 INFO Handling non-canceled request textDocument/documentSymbol (143)
 INFO Language server processed event `LspRequest(textDocument/documentSymbol)` in 0.00s (0.00s waiting)
 INFO Handling non-canceled request textDocument/codeAction (144)
 INFO Language server processed event `LspRequest(textDocument/codeAction)` in 0.00s (0.00s waiting)
 INFO Handling non-canceled request textDocument/inlayHint (145)
 INFO Language server processed event `LspRequest(textDocument/inlayHint)` in 0.00s (0.00s waiting)
 INFO Handling non-canceled request textDocument/semanticTokens/full (146)
 INFO Language server processed event `LspRequest(textDocument/semanticTokens/full)` in 0.00s (0.00s waiting)
 INFO Handling non-canceled request textDocument/semanticTokens/full (147)
 INFO Language server processed event `LspRequest(textDocument/semanticTokens/full)` in 0.00s (0.00s waiting)
 INFO Handling non-canceled request textDocument/codeLens (148)
 INFO Language server processed event `LspRequest(textDocument/codeLens)` in 0.00s (0.00s waiting)
 INFO Handling non-canceled request textDocument/codeAction (149)
 INFO Language server processed event `LspRequest(textDocument/codeAction)` in 0.00s (0.00s waiting)
 INFO Published 0 diagnostics for inmemory://model/81
 INFO Language server processed event `DidCloseTextDocument` in 0.00s (0.00s waiting)
 INFO Ran task on sourcedb_queue heavy task queue. Queue time: 0.00, task time: 0.00
 INFO Ran task on recheck_queue heavy task queue. Queue time: 0.00, task time: 0.00
 INFO Handling non-canceled request textDocument/inlayHint (150)
 INFO Language server processed event `LspRequest(textDocument/inlayHint)` in 0.00s (0.00s waiting)
 INFO Handling non-canceled request textDocument/hover (151)
 INFO Language server processed event `LspRequest(textDocument/hover)` in 0.00s (0.00s waiting)
 INFO Handling non-canceled request pyrefly/textDocument/typeErrorDisplayStatus (152)
 INFO Language server processed event `LspRequest(pyrefly/textDocument/typeErrorDisplayStatus)` in 0.00s (0.00s waiting)
 INFO Handling non-canceled request textDocument/codeAction (153)
 INFO Language server processed event `LspRequest(textDocument/codeAction)` in 0.00s (0.00s waiting)
 INFO File /__pyrefly_virtual__/inmemory/83-7.py opened, prepare to validate open files.
 INFO Ran task on sourcedb_queue heavy task queue. Queue time: 0.00, task time: 0.00
 INFO Published 0 diagnostics for file:///__pyrefly_virtual__/inmemory/83-7.py
 INFO Published 2 diagnostics for file:///home/umi/umi-exchange/apps/accounts/urls_settings.py
 INFO Published 7 diagnostics for file:///home/umi/umi-exchange/apps/accounts/views.py
 INFO Published 1 diagnostics for file:///home/umi/umi-exchange/apps/communities/urls.py
 INFO Published 10 diagnostics for file:///home/umi/umi-exchange/config/settings/base.py
 INFO Published 7 diagnostics for file:///home/umi/umi-exchange/apps/dashboard/views.py
 INFO Published 0 diagnostics for file:///home/umi/umi-exchange/apps/audit/middleware.py
 INFO Validated open files and committed transaction.
 INFO Language server processed event `DidOpenTextDocument` in 0.00s (0.00s waiting)
 INFO Request textDocument/documentSymbol (154) is canceled due to subsequent mutation
 INFO Language server processed event `LspRequest(textDocument/documentSymbol)` in 0.00s (0.00s waiting)
 INFO File /__pyrefly_virtual__/inmemory/84-8.py opened, prepare to validate open files.
 INFO Ran task on sourcedb_queue heavy task queue. Queue time: 0.00, task time: 0.00
 INFO Published 2 diagnostics for file:///__pyrefly_virtual__/inmemory/84-8.py
 INFO Published 7 diagnostics for file:///home/umi/umi-exchange/apps/dashboard/views.py
 INFO Published 0 diagnostics for file:///__pyrefly_virtual__/inmemory/83-7.py
 INFO Published 0 diagnostics for file:///home/umi/umi-exchange/apps/audit/middleware.py
 INFO Published 2 diagnostics for file:///home/umi/umi-exchange/apps/accounts/urls_settings.py
 INFO Published 7 diagnostics for file:///home/umi/umi-exchange/apps/accounts/views.py
 INFO Published 1 diagnostics for file:///home/umi/umi-exchange/apps/communities/urls.py
 INFO Published 10 diagnostics for file:///home/umi/umi-exchange/config/settings/base.py
 INFO Validated open files and committed transaction.
 INFO Language server processed event `DidOpenTextDocument` in 0.00s (0.00s waiting)
 INFO Language server processed event `LspResponse` in 0.00s (0.00s waiting)
 INFO Language server processed event `LspResponse` in 0.00s (0.00s waiting)
 INFO Language server processed event `LspResponse` in 0.00s (0.00s waiting)
 INFO Language server processed event `LspResponse` in 0.00s (0.00s waiting)
 INFO Handling non-canceled request textDocument/inlayHint (155)
 INFO Language server processed event `LspRequest(textDocument/inlayHint)` in 0.00s (0.00s waiting)
 INFO Handling non-canceled request textDocument/semanticTokens/full (156)
 INFO Language server processed event `LspRequest(textDocument/semanticTokens/full)` in 0.00s (0.00s waiting)
 INFO Handling non-canceled request textDocument/semanticTokens/full (157)
 INFO Language server processed event `LspRequest(textDocument/semanticTokens/full)` in 0.00s (0.00s waiting)
 INFO Published 0 diagnostics for inmemory://model/83
 INFO Language server processed event `DidCloseTextDocument` in 0.00s (0.00s waiting)
 INFO Ran task on sourcedb_queue heavy task queue. Queue time: 0.00, task time: 0.00
 INFO Ran task on recheck_queue heavy task queue. Queue time: 0.00, task time: 0.00
 INFO Published 0 diagnostics for inmemory://model/84
 INFO Language server processed event `DidCloseTextDocument` in 0.00s (0.00s waiting)
 INFO Ran task on sourcedb_queue heavy task queue. Queue time: 0.00, task time: 0.00
 INFO Ran task on recheck_queue heavy task queue. Queue time: 0.00, task time: 0.00
 INFO File /__pyrefly_virtual__/inmemory/85-9.py opened, prepare to validate open files.
 INFO Ran task on sourcedb_queue heavy task queue. Queue time: 0.00, task time: 0.00
 INFO Published 7 diagnostics for file:///home/umi/umi-exchange/apps/dashboard/views.py
 INFO Published 0 diagnostics for file:///home/umi/umi-exchange/apps/audit/middleware.py
 INFO Published 2 diagnostics for file:///home/umi/umi-exchange/apps/accounts/urls_settings.py
 INFO Published 7 diagnostics for file:///home/umi/umi-exchange/apps/accounts/views.py
 INFO Published 1 diagnostics for file:///home/umi/umi-exchange/apps/communities/urls.py
 INFO Published 0 diagnostics for file:///__pyrefly_virtual__/inmemory/85-9.py
 INFO Published 10 diagnostics for file:///home/umi/umi-exchange/config/settings/base.py
 INFO Validated open files and committed transaction.
 INFO Language server processed event `DidOpenTextDocument` in 0.00s (0.00s waiting)
 INFO File /__pyrefly_virtual__/inmemory/86-10.py opened, prepare to validate open files.
 INFO Ran task on sourcedb_queue heavy task queue. Queue time: 0.00, task time: 0.00
 INFO Published 7 diagnostics for file:///home/umi/umi-exchange/apps/dashboard/views.py
 INFO Published 0 diagnostics for file:///home/umi/umi-exchange/apps/audit/middleware.py
 INFO Published 2 diagnostics for file:///home/umi/umi-exchange/apps/accounts/urls_settings.py
 INFO Published 7 diagnostics for file:///home/umi/umi-exchange/apps/accounts/views.py
 INFO Published 1 diagnostics for file:///home/umi/umi-exchange/apps/communities/urls.py
 INFO Published 0 diagnostics for file:///__pyrefly_virtual__/inmemory/85-9.py
 INFO Published 10 diagnostics for file:///home/umi/umi-exchange/config/settings/base.py
 INFO Published 2 diagnostics for file:///__pyrefly_virtual__/inmemory/86-10.py
 INFO Validated open files and committed transaction.
 INFO Language server processed event `DidOpenTextDocument` in 0.00s (0.00s waiting)
 INFO Language server processed event `LspResponse` in 0.00s (0.00s waiting)
 INFO Language server processed event `LspResponse` in 0.00s (0.00s waiting)
 INFO Language server processed event `LspResponse` in 0.00s (0.00s waiting)
 INFO Language server processed event `LspResponse` in 0.00s (0.00s waiting)
 INFO Handling non-canceled request textDocument/foldingRange (158)
 INFO Language server processed event `LspRequest(textDocument/foldingRange)` in 0.00s (0.00s waiting)
 INFO Handling non-canceled request textDocument/documentSymbol (159)
 INFO Language server processed event `LspRequest(textDocument/documentSymbol)` in 0.00s (0.00s waiting)
 INFO Handling non-canceled request textDocument/codeAction (160)
 INFO Language server processed event `LspRequest(textDocument/codeAction)` in 0.00s (0.00s waiting)
 INFO Handling non-canceled request textDocument/inlayHint (161)
 INFO Language server processed event `LspRequest(textDocument/inlayHint)` in 0.00s (0.00s waiting)
 INFO Handling non-canceled request textDocument/codeLens (162)
 INFO Language server processed event `LspRequest(textDocument/codeLens)` in 0.00s (0.00s waiting)
 INFO Handling non-canceled request textDocument/semanticTokens/full (163)
 INFO Language server processed event `LspRequest(textDocument/semanticTokens/full)` in 0.00s (0.00s waiting)
 INFO Handling non-canceled request textDocument/semanticTokens/full (164)
 INFO Language server processed event `LspRequest(textDocument/semanticTokens/full)` in 0.00s (0.00s waiting)
 INFO Handling non-canceled request textDocument/semanticTokens/full (165)
 INFO Language server processed event `LspRequest(textDocument/semanticTokens/full)` in 0.00s (0.00s waiting)
 INFO Handling non-canceled request textDocument/codeAction (166)
 INFO Language server processed event `LspRequest(textDocument/codeAction)` in 0.00s (0.00s waiting)
 INFO Handling non-canceled request textDocument/codeAction (167)
 INFO Language server processed event `LspRequest(textDocument/codeAction)` in 0.00s (0.00s waiting)
 INFO Handling non-canceled request textDocument/codeAction (168)
 INFO Language server processed event `LspRequest(textDocument/codeAction)` in 0.00s (0.00s waiting)
 INFO Handling non-canceled request textDocument/codeAction (169)
 INFO Language server processed event `LspRequest(textDocument/codeAction)` in 0.00s (0.00s waiting)
 INFO Handling non-canceled request textDocument/codeAction (170)
 INFO Language server processed event `LspRequest(textDocument/codeAction)` in 0.00s (0.00s waiting)
 INFO Handling non-canceled request textDocument/codeAction (171)
 INFO Language server processed event `LspRequest(textDocument/codeAction)` in 0.00s (0.00s waiting)
 INFO Handling non-canceled request textDocument/codeAction (172)
 INFO Language server processed event `LspRequest(textDocument/codeAction)` in 0.00s (0.00s waiting)
 INFO Handling non-canceled request textDocument/codeAction (173)
 INFO Language server processed event `LspRequest(textDocument/codeAction)` in 0.00s (0.00s waiting)
 INFO Handling non-canceled request textDocument/codeAction (174)
 INFO Language server processed event `LspRequest(textDocument/codeAction)` in 0.00s (0.00s waiting)
 INFO Handling non-canceled request textDocument/codeAction (175)
 INFO Language server processed event `LspRequest(textDocument/codeAction)` in 0.00s (0.00s waiting)
 INFO Handling non-canceled request textDocument/codeAction (176)
 INFO Language server processed event `LspRequest(textDocument/codeAction)` in 0.00s (0.00s waiting)
 INFO Handling non-canceled request textDocument/codeAction (177)
 INFO Language server processed event `LspRequest(textDocument/codeAction)` in 0.00s (0.00s waiting)
 INFO Handling non-canceled request textDocument/codeAction (178)
 INFO Language server processed event `LspRequest(textDocument/codeAction)` in 0.00s (0.00s waiting)
 INFO Handling non-canceled request textDocument/codeAction (179)
 INFO Language server processed event `LspRequest(textDocument/codeAction)` in 0.00s (0.00s waiting)
 INFO Handling non-canceled request textDocument/hover (180)
 INFO Language server processed event `LspRequest(textDocument/hover)` in 0.00s (0.00s waiting)
 INFO Published 0 diagnostics for inmemory://model/85
 INFO Language server processed event `DidCloseTextDocument` in 0.00s (0.00s waiting)
 INFO Ran task on sourcedb_queue heavy task queue. Queue time: 0.00, task time: 0.00
 INFO Ran task on recheck_queue heavy task queue. Queue time: 0.00, task time: 0.00
 INFO Published 0 diagnostics for inmemory://model/86
 INFO Language server processed event `DidCloseTextDocument` in 0.00s (0.00s waiting)
 INFO Ran task on sourcedb_queue heavy task queue. Queue time: 0.00, task time: 0.00
 INFO Ran task on recheck_queue heavy task queue. Queue time: 0.00, task time: 0.00
 INFO Handling non-canceled request textDocument/inlayHint (181)
 INFO Language server processed event `LspRequest(textDocument/inlayHint)` in 0.00s (0.00s waiting)
 INFO Published 0 diagnostics for file:///home/umi/umi-exchange/apps/audit/middleware.py
 INFO Language server processed event `DidCloseTextDocument` in 0.00s (0.00s waiting)
 INFO Ran task on sourcedb_queue heavy task queue. Queue time: 0.00, task time: 0.00
 INFO Ran task on recheck_queue heavy task queue. Queue time: 0.00, task time: 0.00
 INFO Handling non-canceled request pyrefly/textDocument/typeErrorDisplayStatus (182)
 INFO Language server processed event `LspRequest(pyrefly/textDocument/typeErrorDisplayStatus)` in 0.00s (0.00s waiting)
 INFO Handling non-canceled request textDocument/codeAction (183)
 INFO Language server processed event `LspRequest(textDocument/codeAction)` in 0.00s (0.00s waiting)
 INFO Handling non-canceled request textDocument/inlayHint (184)
 INFO Language server processed event `LspRequest(textDocument/inlayHint)` in 0.00s (0.00s waiting)
 INFO Handling non-canceled request textDocument/foldingRange (185)
 INFO Language server processed event `LspRequest(textDocument/foldingRange)` in 0.00s (0.00s waiting)
 INFO Handling non-canceled request textDocument/codeAction (186)
 INFO Language server processed event `LspRequest(textDocument/codeAction)` in 0.00s (0.00s waiting)
 INFO Handling non-canceled request textDocument/codeAction (187)
 INFO Language server processed event `LspRequest(textDocument/codeAction)` in 0.00s (0.00s waiting)
 INFO Handling non-canceled request textDocument/codeAction (188)
 INFO Language server processed event `LspRequest(textDocument/codeAction)` in 0.00s (0.00s waiting)
 INFO Handling non-canceled request textDocument/codeAction (189)
 INFO Language server processed event `LspRequest(textDocument/codeAction)` in 0.00s (0.00s waiting)
 INFO Handling non-canceled request textDocument/codeAction (190)
 INFO Language server processed event `LspRequest(textDocument/codeAction)` in 0.00s (0.00s waiting)
 INFO Handling non-canceled request textDocument/codeAction (191)
 INFO Language server processed event `LspRequest(textDocument/codeAction)` in 0.00s (0.00s waiting)
 INFO Handling non-canceled request textDocument/codeAction (192)
 INFO Language server processed event `LspRequest(textDocument/codeAction)` in 0.00s (0.00s waiting)
 INFO Handling non-canceled request textDocument/semanticTokens/full (193)
 INFO Language server processed event `LspRequest(textDocument/semanticTokens/full)` in 0.00s (0.00s waiting)
 INFO Handling non-canceled request textDocument/documentSymbol (194)
 INFO Language server processed event `LspRequest(textDocument/documentSymbol)` in 0.00s (0.00s waiting)
 INFO Handling non-canceled request textDocument/codeLens (195)
 INFO Language server processed event `LspRequest(textDocument/codeLens)` in 0.00s (0.00s waiting)
 INFO Handling non-canceled request textDocument/hover (196)
 INFO Language server processed event `LspRequest(textDocument/hover)` in 0.00s (0.00s waiting)
 INFO Handling non-canceled request textDocument/codeAction (197)
 INFO Language server processed event `LspRequest(textDocument/codeAction)` in 0.00s (0.00s waiting)
 INFO Handling non-canceled request textDocument/codeAction (198)
 INFO Language server processed event `LspRequest(textDocument/codeAction)` in 0.00s (0.00s waiting)
 INFO Handling non-canceled request textDocument/codeAction (199)
 INFO Language server processed event `LspRequest(textDocument/codeAction)` in 0.00s (0.00s waiting)
 INFO Handling non-canceled request textDocument/codeAction (200)
 INFO Language server processed event `LspRequest(textDocument/codeAction)` in 0.00s (0.00s waiting)
 INFO Handling non-canceled request textDocument/codeAction (201)
 INFO Language server processed event `LspRequest(textDocument/codeAction)` in 0.00s (0.00s waiting)
 INFO Handling non-canceled request textDocument/codeAction (202)
 INFO Language server processed event `LspRequest(textDocument/codeAction)` in 0.00s (0.00s waiting)
 INFO Handling non-canceled request textDocument/codeAction (203)
 INFO Language server processed event `LspRequest(textDocument/codeAction)` in 0.00s (0.00s waiting)
 INFO Handling non-canceled request textDocument/hover (204)
 INFO Language server processed event `LspRequest(textDocument/hover)` in 0.00s (0.00s waiting)
 INFO Handling non-canceled request textDocument/codeLens (205)
 INFO Language server processed event `LspRequest(textDocument/codeLens)` in 0.00s (0.00s waiting)
 INFO Handling non-canceled request textDocument/hover (206)
 INFO Language server processed event `LspRequest(textDocument/hover)` in 0.00s (0.00s waiting)
 INFO Handling non-canceled request pyrefly/textDocument/typeErrorDisplayStatus (207)
 INFO Language server processed event `LspRequest(pyrefly/textDocument/typeErrorDisplayStatus)` in 0.00s (0.00s waiting)
 INFO Handling non-canceled request textDocument/codeAction (208)
 INFO Language server processed event `LspRequest(textDocument/codeAction)` in 0.00s (0.00s waiting)
 INFO Handling non-canceled request textDocument/inlayHint (209)
 INFO Language server processed event `LspRequest(textDocument/inlayHint)` in 0.00s (0.00s waiting)
 INFO Handling non-canceled request textDocument/foldingRange (210)
 INFO Language server processed event `LspRequest(textDocument/foldingRange)` in 0.00s (0.00s waiting)
 INFO Handling non-canceled request textDocument/codeAction (211)
 INFO Language server processed event `LspRequest(textDocument/codeAction)` in 0.00s (0.00s waiting)
 INFO Handling non-canceled request textDocument/codeAction (212)
 INFO Language server processed event `LspRequest(textDocument/codeAction)` in 0.00s (0.00s waiting)
 INFO Handling non-canceled request textDocument/semanticTokens/full (213)
 INFO Language server processed event `LspRequest(textDocument/semanticTokens/full)` in 0.00s (0.00s waiting)
 INFO Handling non-canceled request textDocument/documentSymbol (214)
 INFO Language server processed event `LspRequest(textDocument/documentSymbol)` in 0.00s (0.00s waiting)
 INFO Handling non-canceled request textDocument/codeAction (215)
 INFO Language server processed event `LspRequest(textDocument/codeAction)` in 0.00s (0.00s waiting)
 INFO Handling non-canceled request textDocument/codeAction (216)
 INFO Language server processed event `LspRequest(textDocument/codeAction)` in 0.00s (0.00s waiting)
 INFO Handling non-canceled request textDocument/codeLens (217)
 INFO Language server processed event `LspRequest(textDocument/codeLens)` in 0.00s (0.00s waiting)
 INFO Handling non-canceled request textDocument/codeAction (218)
 INFO Language server processed event `LspRequest(textDocument/codeAction)` in 0.00s (0.00s waiting)
 INFO Handling non-canceled request textDocument/codeAction (219)
 INFO Language server processed event `LspRequest(textDocument/codeAction)` in 0.00s (0.00s waiting)
 INFO Handling non-canceled request textDocument/codeAction (220)
 INFO Language server processed event `LspRequest(textDocument/codeAction)` in 0.00s (0.00s waiting)
 INFO Handling non-canceled request textDocument/codeAction (221)
 INFO Language server processed event `LspRequest(textDocument/codeAction)` in 0.00s (0.00s waiting)
 INFO Handling non-canceled request textDocument/codeAction (222)
 INFO Language server processed event `LspRequest(textDocument/codeAction)` in 0.00s (0.00s waiting)
 INFO Handling non-canceled request textDocument/codeAction (223)
 INFO Language server processed event `LspRequest(textDocument/codeAction)` in 0.00s (0.00s waiting)
 INFO Handling non-canceled request textDocument/codeAction (224)
 INFO Language server processed event `LspRequest(textDocument/codeAction)` in 0.00s (0.00s waiting)
 INFO Handling non-canceled request textDocument/codeAction (225)
 INFO Language server processed event `LspRequest(textDocument/codeAction)` in 0.00s (0.00s waiting)
 INFO Handling non-canceled request textDocument/codeAction (226)
 INFO Language server processed event `LspRequest(textDocument/codeAction)` in 0.00s (0.00s waiting)
 INFO Handling non-canceled request textDocument/codeAction (227)
 INFO Language server processed event `LspRequest(textDocument/codeAction)` in 0.00s (0.00s waiting)
 INFO Handling non-canceled request textDocument/hover (228)
 INFO Language server processed event `LspRequest(textDocument/hover)` in 0.00s (0.00s waiting)
 INFO Handling non-canceled request textDocument/documentHighlight (229)
 INFO Language server processed event `LspRequest(textDocument/documentHighlight)` in 0.00s (0.00s waiting)
 INFO Handling non-canceled request textDocument/codeAction (230)
 INFO Language server processed event `LspRequest(textDocument/codeAction)` in 0.00s (0.00s waiting)
 INFO Handling non-canceled request textDocument/codeAction (231)
 INFO Language server processed event `LspRequest(textDocument/codeAction)` in 0.00s (0.00s waiting)
 INFO Handling non-canceled request textDocument/codeAction (232)
 INFO Language server processed event `LspRequest(textDocument/codeAction)` in 0.00s (0.00s waiting)
 INFO Handling non-canceled request textDocument/codeAction (233)
 INFO Language server processed event `LspRequest(textDocument/codeAction)` in 0.00s (0.00s waiting)
 INFO Handling non-canceled request textDocument/codeAction (234)
 INFO Language server processed event `LspRequest(textDocument/codeAction)` in 0.00s (0.00s waiting)
 INFO Handling non-canceled request textDocument/codeAction (235)
 INFO Language server processed event `LspRequest(textDocument/codeAction)` in 0.00s (0.00s waiting)
 INFO Handling non-canceled request textDocument/codeAction (236)
 INFO Language server processed event `LspRequest(textDocument/codeAction)` in 0.00s (0.00s waiting)
 INFO Handling non-canceled request textDocument/codeLens (237)
 INFO Language server processed event `LspRequest(textDocument/codeLens)` in 0.00s (0.00s waiting)
 INFO Handling non-canceled request textDocument/codeAction (238)
 INFO Language server processed event `LspRequest(textDocument/codeAction)` in 0.00s (0.00s waiting)
 INFO Handling non-canceled request textDocument/codeAction (239)
 INFO Language server processed event `LspRequest(textDocument/codeAction)` in 0.00s (0.00s waiting)
 INFO Handling non-canceled request textDocument/codeAction (240)
 INFO Language server processed event `LspRequest(textDocument/codeAction)` in 0.00s (0.00s waiting)
 INFO Handling non-canceled request textDocument/codeAction (241)
 INFO Language server processed event `LspRequest(textDocument/codeAction)` in 0.00s (0.00s waiting)
 INFO Handling non-canceled request textDocument/codeAction (242)
 INFO Language server processed event `LspRequest(textDocument/codeAction)` in 0.00s (0.00s waiting)
 INFO Handling non-canceled request textDocument/codeAction (243)
 INFO Language server processed event `LspRequest(textDocument/codeAction)` in 0.00s (0.00s waiting)
 INFO Handling non-canceled request textDocument/codeAction (244)
 INFO Language server processed event `LspRequest(textDocument/codeAction)` in 0.00s (0.00s waiting)
 INFO Handling non-canceled request textDocument/codeAction (245)
 INFO Language server processed event `LspRequest(textDocument/codeAction)` in 0.00s (0.00s waiting)
 INFO Handling non-canceled request textDocument/hover (246)
 INFO Language server processed event `LspRequest(textDocument/hover)` in 0.00s (0.00s waiting)
 INFO Published 0 diagnostics for file:///home/umi/umi-exchange/config/settings/base.py
 INFO Language server processed event `DidCloseTextDocument` in 0.00s (0.00s waiting)
 INFO Ran task on sourcedb_queue heavy task queue. Queue time: 0.00, task time: 0.00
 INFO Ran task on recheck_queue heavy task queue. Queue time: 0.00, task time: 0.01
 INFO Published 0 diagnostics for file:///home/umi/umi-exchange/apps/accounts/urls_settings.py
 INFO Language server processed event `DidCloseTextDocument` in 0.00s (0.00s waiting)
 INFO Ran task on sourcedb_queue heavy task queue. Queue time: 0.00, task time: 0.00
 INFO Ran task on recheck_queue heavy task queue. Queue time: 0.00, task time: 0.00
 INFO Handling non-canceled request pyrefly/textDocument/typeErrorDisplayStatus (247)
 INFO Language server processed event `LspRequest(pyrefly/textDocument/typeErrorDisplayStatus)` in 0.00s (0.00s waiting)
 INFO Handling non-canceled request textDocument/codeAction (248)
 INFO Language server processed event `LspRequest(textDocument/codeAction)` in 0.00s (0.00s waiting)
 INFO Handling non-canceled request textDocument/inlayHint (249)
 INFO Language server processed event `LspRequest(textDocument/inlayHint)` in 0.00s (0.00s waiting)
 INFO Handling non-canceled request textDocument/documentHighlight (250)
 INFO Language server processed event `LspRequest(textDocument/documentHighlight)` in 0.00s (0.00s waiting)
 INFO Handling non-canceled request textDocument/foldingRange (251)
 INFO Language server processed event `LspRequest(textDocument/foldingRange)` in 0.00s (0.00s waiting)
 INFO Handling non-canceled request textDocument/codeAction (252)
 INFO Language server processed event `LspRequest(textDocument/codeAction)` in 0.00s (0.00s waiting)
 INFO Handling non-canceled request textDocument/codeAction (253)
 INFO Language server processed event `LspRequest(textDocument/codeAction)` in 0.00s (0.00s waiting)
 INFO Handling non-canceled request textDocument/codeAction (254)
 INFO Language server processed event `LspRequest(textDocument/codeAction)` in 0.00s (0.00s waiting)
 INFO Handling non-canceled request textDocument/codeAction (255)
 INFO Language server processed event `LspRequest(textDocument/codeAction)` in 0.00s (0.00s waiting)
 INFO Handling non-canceled request textDocument/semanticTokens/full (256)
 INFO Language server processed event `LspRequest(textDocument/semanticTokens/full)` in 0.00s (0.00s waiting)
 INFO Handling non-canceled request textDocument/documentSymbol (257)
 INFO Language server processed event `LspRequest(textDocument/documentSymbol)` in 0.00s (0.00s waiting)
 INFO Handling non-canceled request textDocument/codeAction (258)
 INFO Language server processed event `LspRequest(textDocument/codeAction)` in 0.00s (0.00s waiting)
 INFO Handling non-canceled request textDocument/codeAction (259)
 INFO Language server processed event `LspRequest(textDocument/codeAction)` in 0.00s (0.00s waiting)
 INFO Handling non-canceled request textDocument/codeAction (260)
 INFO Language server processed event `LspRequest(textDocument/codeAction)` in 0.00s (0.00s waiting)
 INFO Handling non-canceled request textDocument/codeAction (261)
 INFO Language server processed event `LspRequest(textDocument/codeAction)` in 0.00s (0.00s waiting)
 INFO Handling non-canceled request textDocument/codeAction (262)
 INFO Language server processed event `LspRequest(textDocument/codeAction)` in 0.00s (0.00s waiting)
 INFO Handling non-canceled request textDocument/codeAction (263)
 INFO Language server processed event `LspRequest(textDocument/codeAction)` in 0.00s (0.00s waiting)
 INFO Handling non-canceled request textDocument/codeAction (264)
 INFO Language server processed event `LspRequest(textDocument/codeAction)` in 0.00s (0.00s waiting)
 INFO Handling non-canceled request textDocument/codeAction (265)
 INFO Language server processed event `LspRequest(textDocument/codeAction)` in 0.00s (0.00s waiting)
 INFO Handling non-canceled request textDocument/codeAction (266)
 INFO Language server processed event `LspRequest(textDocument/codeAction)` in 0.00s (0.00s waiting)
 INFO Handling non-canceled request textDocument/codeAction (267)
 INFO Language server processed event `LspRequest(textDocument/codeAction)` in 0.00s (0.00s waiting)
 INFO Handling non-canceled request textDocument/codeAction (268)
 INFO Language server processed event `LspRequest(textDocument/codeAction)` in 0.00s (0.00s waiting)
 INFO Handling non-canceled request textDocument/codeLens (269)
 INFO Language server processed event `LspRequest(textDocument/codeLens)` in 0.00s (0.00s waiting)
 INFO Handling non-canceled request textDocument/documentHighlight (270)
 INFO Language server processed event `LspRequest(textDocument/documentHighlight)` in 0.00s (0.00s waiting)
 INFO Language server processed event `DidSaveTextDocument` in 0.00s (0.00s waiting)
 INFO Language server processed event `LspResponse` in 0.00s (0.00s waiting)
 INFO Invalidated state, prepare to recheck open files.
 INFO Ran task on recheck_queue heavy task queue. Queue time: 0.00, task time: 0.00
 INFO Published 7 diagnostics for file:///home/umi/umi-exchange/apps/dashboard/views.py
 INFO Published 7 diagnostics for file:///home/umi/umi-exchange/apps/accounts/views.py
 INFO Published 1 diagnostics for file:///home/umi/umi-exchange/apps/communities/urls.py
 INFO Validated open files and committed transaction.
 INFO Language server processed event `RecheckFinished` in 0.00s (0.00s waiting)
 INFO Language server processed event `LspResponse` in 0.00s (0.00s waiting)
 INFO [Pyrefly] DidChangeWatchedFiles: 1 file(s) changed (0 created, 1 modified, 0 removed, 0 unknown)
 INFO Language server processed event `DidChangeWatchedFiles` in 0.00s (0.00s waiting)
 INFO Invalidated state, prepare to recheck open files.
 INFO Ran task on recheck_queue heavy task queue. Queue time: 0.00, task time: 0.00
 INFO Published 7 diagnostics for file:///home/umi/umi-exchange/apps/dashboard/views.py
 INFO Published 7 diagnostics for file:///home/umi/umi-exchange/apps/accounts/views.py
 INFO Published 1 diagnostics for file:///home/umi/umi-exchange/apps/communities/urls.py
 INFO Validated open files and committed transaction.
 INFO Language server processed event `RecheckFinished` in 0.01s (0.00s waiting)
 INFO Language server processed event `LspResponse` in 0.00s (0.00s waiting)
 INFO Language server processed event `LspResponse` in 0.00s (0.00s waiting)
 INFO Published 0 diagnostics for file:///home/umi/umi-exchange/apps/accounts/views.py
 INFO Language server processed event `DidCloseTextDocument` in 0.00s (0.00s waiting)
 INFO Ran task on sourcedb_queue heavy task queue. Queue time: 0.00, task time: 0.00
 INFO Ran task on recheck_queue heavy task queue. Queue time: 0.00, task time: 0.01
 INFO Published 0 diagnostics for file:///home/umi/umi-exchange/apps/dashboard/views.py
 INFO Language server processed event `DidCloseTextDocument` in 0.00s (0.00s waiting)
 INFO Ran task on sourcedb_queue heavy task queue. Queue time: 0.00, task time: 0.00
 INFO Ran task on recheck_queue heavy task queue. Queue time: 0.00, task time: 0.01
 INFO Published 0 diagnostics for file:///home/umi/umi-exchange/apps/communities/urls.py
 INFO Language server processed event `DidCloseTextDocument` in 0.00s (0.00s waiting)
 INFO Ran task on sourcedb_queue heavy task queue. Queue time: 0.00, task time: 0.00
 INFO Ran task on recheck_queue heavy task queue. Queue time: 0.00, task time: 0.00
