2026-05-07 20:28:32.404 [info] [CloudCode] POST v1internal:loadCodeAssist traceId: d0146a4b37575a0c
2026-05-07 20:28:32.790 [info] [CloudCode] POST v1internal:loadCodeAssist traceId: 7018b26024e5d00
2026-05-07 20:28:33.668 [info] [CloudCode] POST v1internal:onboardUser traceId: 3d67a1ca9838239f
2026-05-07 20:28:36.516 [info] [CloudCode] POST v1internal:loadCodeAssist traceId: e30328eacaf6b995
2026-05-07 20:28:36.802 [info] [CloudCode] POST v1internal:loadCodeAssist traceId: 705c3ebfa4fcaf14
2026-05-07 20:28:37.063 [info] [CloudCode] POST v1internal:fetchAvailableModels traceId: a29fcdc344c21b14
2026-05-07 20:32:35.774 [info] [CloudCode] POST v1internal:loadCodeAssist traceId: 7906a9281f57c028
2026-05-07 20:32:36.133 [info] [CloudCode] POST v1internal:loadCodeAssist traceId: d59b3785555e371
2026-05-07 20:32:36.341 [info] [CloudCode] POST v1internal:fetchAvailableModels traceId: 2ccef4b4b1f06925
2026-05-07 20:37:35.836 [info] [CloudCode] POST v1internal:loadCodeAssist traceId: 37c21fe80452d8bc
2026-05-07 20:37:36.112 [info] [CloudCode] POST v1internal:loadCodeAssist traceId: cc5b3bbb7f73170b
2026-05-07 20:37:36.277 [info] [CloudCode] POST v1internal:fetchAvailableModels traceId: e732d89f8e0d34fe
2026-05-07 20:42:36.029 [info] [CloudCode] POST v1internal:loadCodeAssist traceId: 6f700ec625632e71
2026-05-07 20:42:36.275 [info] [CloudCode] POST v1internal:loadCodeAssist traceId: 2d280fe8f1d0f2cd
2026-05-07 20:42:36.452 [info] [CloudCode] POST v1internal:fetchAvailableModels traceId: ef5a278e70f37386
2026-05-07 20:47:36.094 [info] [CloudCode] POST v1internal:loadCodeAssist traceId: 764efa3acf242f2d
2026-05-07 20:47:36.380 [info] [CloudCode] POST v1internal:loadCodeAssist traceId: d6a30992aadacfe6
2026-05-07 20:47:36.565 [info] [CloudCode] POST v1internal:fetchAvailableModels traceId: 93c69a893a69b11b
2026-05-07 20:52:36.202 [info] [CloudCode] POST v1internal:loadCodeAssist traceId: 130fa827770c5da
2026-05-07 20:52:36.544 [info] [CloudCode] POST v1internal:loadCodeAssist traceId: e5f069d09db6a972
2026-05-07 20:52:36.739 [info] [CloudCode] POST v1internal:fetchAvailableModels traceId: b969840ce233de6a
2026-05-07 20:57:36.054 [info] [CloudCode] POST v1internal:loadCodeAssist traceId: 3ae9b1da839c7a4e
2026-05-07 20:57:36.301 [info] [CloudCode] POST v1internal:loadCodeAssist traceId: c64369f642567e20
2026-05-07 20:57:36.549 [info] [CloudCode] POST v1internal:fetchAvailableModels traceId: 7808c8bc228eee20
2026-05-07 21:02:36.005 [info] [CloudCode] POST v1internal:loadCodeAssist traceId: 7bbc190804ccef5f
2026-05-07 21:02:36.262 [info] [CloudCode] POST v1internal:loadCodeAssist traceId: 52b29770de34c8ed
2026-05-07 21:02:36.465 [info] [CloudCode] POST v1internal:fetchAvailableModels traceId: e748b16c05e006d2
2026-05-07 21:07:36.106 [info] [CloudCode] POST v1internal:loadCodeAssist traceId: bba06286894f23c0
2026-05-07 21:07:36.397 [info] [CloudCode] POST v1internal:loadCodeAssist traceId: d2616a740765c33c
2026-05-07 21:07:36.590 [info] [CloudCode] POST v1internal:fetchAvailableModels traceId: 261a8464577d1d2d
2026-05-07 21:12:36.037 [info] [CloudCode] POST v1internal:loadCodeAssist traceId: 510065be09a73160
2026-05-07 21:12:36.311 [info] [CloudCode] POST v1internal:loadCodeAssist traceId: fa0bfea4de4de93e
2026-05-07 21:12:36.584 [info] [CloudCode] POST v1internal:fetchAvailableModels traceId: 5e9741f3de744bf2
2026-05-07 21:16:51.025 [info] [CloudCode] POST v1internal:recordCodeAssistMetrics traceId: 2cfa3de1329555bb
2026-05-07 21:16:56.237 [info] [CloudCode] POST v1internal:recordCodeAssistMetrics traceId: 47c21e5859d60db8
2026-05-07 21:16:57.619 [info] [CloudCode] POST v1internal:recordCodeAssistMetrics traceId: 22097bda0b1e0f44
2026-05-07 21:17:00.885 [info] [CloudCode] POST v1internal:recordCodeAssistMetrics traceId: cf2efe247c037de0
2026-05-07 21:17:03.078 [info] [CloudCode] POST v1internal:recordCodeAssistMetrics traceId: d893cca176ecfb65
2026-05-07 21:17:08.475 [info] [CloudCode] POST v1internal:recordCodeAssistMetrics traceId: 3e57b0b32efbf0aa
2026-05-07 21:17:12.751 [info] [CloudCode] POST v1internal:recordCodeAssistMetrics traceId: ddcd7ef4be6507dd
2026-05-07 21:17:16.436 [info] [CloudCode] POST v1internal:recordCodeAssistMetrics traceId: f406af96108a5bcf
2026-05-07 21:17:19.726 [info] [CloudCode] POST v1internal:recordCodeAssistMetrics traceId: 70cd81b80bdb2919
2026-05-07 21:17:24.041 [info] [CloudCode] POST v1internal:recordCodeAssistMetrics traceId: cc29e4c2b62f6576
2026-05-07 21:17:36.287 [info] [CloudCode] POST v1internal:loadCodeAssist traceId: 44bb0753bd1c50e4
2026-05-07 21:17:36.541 [info] [CloudCode] POST v1internal:loadCodeAssist traceId: 794a33737c5acbd
2026-05-07 21:17:36.711 [info] [CloudCode] POST v1internal:fetchAvailableModels traceId: b27760d4ac840cc8
2026-05-07 21:17:56.823 [info] [CloudCode] POST v1internal:recordCodeAssistMetrics traceId: f99fca748a9f4440
2026-05-07 21:17:58.573 [info] [CloudCode] POST v1internal:recordCodeAssistMetrics traceId: 19f64cbc68848555
2026-05-07 21:18:06.322 [info] [CloudCode] POST v1internal:recordCodeAssistMetrics traceId: c15a97482bc3ca27
2026-05-07 21:18:59.016 [info] [CloudCode] POST v1internal:recordCodeAssistMetrics traceId: b4ea5f9297e6444d
2026-05-07 21:19:04.817 [info] [CloudCode] POST v1internal:recordCodeAssistMetrics traceId: c3188c24be5f5d82
2026-05-07 21:19:25.625 [info] [CloudCode] POST v1internal:recordCodeAssistMetrics traceId: 7d5a0038fbb7adcf
2026-05-07 21:20:39.678 [info] [CloudCode] POST v1internal:recordCodeAssistMetrics traceId: c8ea8ab3abb1df7e
2026-05-07 21:22:36.071 [info] [CloudCode] POST v1internal:loadCodeAssist traceId: 502675f3863b6697
2026-05-07 21:22:36.363 [info] [CloudCode] POST v1internal:loadCodeAssist traceId: e2d8345cd92f626e
2026-05-07 21:22:38.212 [info] [CloudCode] POST v1internal:fetchAvailableModels traceId: 67458eda03ee6877
2026-05-07 21:27:36.311 [info] [CloudCode] POST v1internal:loadCodeAssist traceId: caa7b36ed11fce1f
2026-05-07 21:27:36.857 [info] [CloudCode] POST v1internal:loadCodeAssist traceId: 657e8cc0e67d12b8
2026-05-07 21:27:37.176 [info] [CloudCode] POST v1internal:fetchAvailableModels traceId: 7c799b6676bf6cf2
2026-05-07 21:32:36.104 [info] [CloudCode] POST v1internal:loadCodeAssist traceId: a67a21e55b01ba53
2026-05-07 21:32:36.591 [info] [CloudCode] POST v1internal:loadCodeAssist traceId: ce03660dbe26913f
2026-05-07 21:32:36.847 [info] [CloudCode] POST v1internal:fetchAvailableModels traceId: 7f255a62e183409b
2026-05-07 21:37:36.125 [info] [CloudCode] POST v1internal:loadCodeAssist traceId: 9d97bfb402f94fb3
2026-05-07 21:37:36.429 [info] [CloudCode] POST v1internal:loadCodeAssist traceId: 5f534ab6b4fb084f
2026-05-07 21:37:36.613 [info] [CloudCode] POST v1internal:fetchAvailableModels traceId: 1c12293a3a860547
2026-05-08 18:19:55.922 [error] Failed to make POST request: request to https://oauth2.googleapis.com/token failed, reason: getaddrinfo ENOTFOUND oauth2.googleapis.com
