2026-05-06 22:55:10.842 [info] [BrowserOnboardingClientMainService] Starting browser onboarding server
2026-05-06 22:55:10.963 [info] update#setState idle
2026-05-06 22:55:10.972 [info] [BrowserOnboardingClientServer] Browser onboarding server started on http://localhost:34723
2026-05-06 22:55:11.055 [info] [OAuthTokenLifecycle] Starting one-time OAuth token migration from legacy state sync
2026-05-06 22:55:11.055 [info] [OAuthTokenLifecycle] No agent manager init state found, skipping migration
2026-05-06 22:55:11.056 [info] [OverrideStoreLifecycle] Migrating secure mode from agent preferences to override store
2026-05-06 22:55:11.260 [info] Started initializing default profile extensions in extensions installation folder. file:///home/umi/.antigravity/extensions
2026-05-06 22:55:11.265 [info] Completed initializing default profile extensions in extensions installation folder. file:///home/umi/.antigravity/extensions
2026-05-06 22:55:13.307 [info] [SidebarWorkspacesLifecycle] Running one-time migration from agent manager init state
2026-05-06 22:55:13.307 [info] [SidebarWorkspacesLifecycle] No agent manager init state found, skipping migration
2026-05-06 22:55:13.307 [info] [SidebarWorkspacesLifecycle] Running scratch workspace cleanup migration
2026-05-06 22:55:13.307 [info] [SidebarWorkspacesLifecycle] No empty scratch workspaces to clean up
2026-05-06 22:55:16.212 [info] [ArtifactReviewLifecycle] Running one-time migration from agent manager init state
2026-05-06 22:55:16.213 [info] [ArtifactReviewLifecycle] No agent manager init state found, skipping migration
2026-05-06 22:55:40.965 [info] update#setState checking for updates
2026-05-06 22:55:41.048 [info] update#setState idle
2026-05-07 20:24:19.749 [warning] No ptyHost heartbeat after 6 seconds
2026-05-07 20:37:41.546 [info] Extension host with pid 5951 exited with code: 0, signal: unknown.
2026-05-07 20:37:52.518 [info] Extension host with pid 10389 exited with code: 0, signal: unknown.
2026-05-07 21:18:05.719 [info] update#setState checking for updates
2026-05-07 21:18:05.920 [info] update#setState idle
2026-05-08 18:20:43.289 [info] Extension host with pid 10479 exited with code: 0, signal: unknown.
