2026-05-08 18:20:57.396 [info] [Auth] Auth state changed to: uninitialized
2026-05-08 18:20:57.598 [info] [Auth] Auth state changed to: validatingLogin
2026-05-08 18:20:57.599 [info] [Auth] Auth state changed to: validatingLogin
2026-05-08 18:20:58.350 [error] Error confirming user for service: request to https://oauth2.googleapis.com/token failed, reason: getaddrinfo ENOTFOUND oauth2.googleapis.com
2026-05-08 18:20:58.352 [info] [Auth] Auth state changed to: loginError
2026-05-08 18:20:58.356 [error] [Auth] Error refreshing user status: request to https://oauth2.googleapis.com/token failed, reason: getaddrinfo ENOTFOUND oauth2.googleapis.com
2026-05-08 18:20:58.356 [info] [Auth] Auth state changed to: loginError
2026-05-08 18:20:58.357 [info] [Auth] AntigravityAuthMainService initialized
2026-05-08 18:21:07.290 [info] [Auth] Auth state changed to: signedOut
2026-05-08 18:21:08.338 [info] [Auth] Localhost server listening on port 32889
2026-05-08 18:21:08.347 [info] [Auth] Login URL:  https://accounts.google.com/o/oauth2/v2/auth?access_type=offline&scope=https%3A%2F%2Fwww.googleapis.com%2Fauth%2Fcloud-platform%20https%3A%2F%2Fwww.googleapis.com%2Fauth%2Fuserinfo.email%20https%3A%2F%2Fwww.googleapis.com%2Fauth%2Fuserinfo.profile%20https%3A%2F%2Fwww.googleapis.com%2Fauth%2Fcclog%20https%3A%2F%2Fwww.googleapis.com%2Fauth%2Fexperimentsandconfigs&state=0192f4c5-a2ab-4e32-b637-3d12899baf20&prompt=consent&response_type=code&client_id=1071006060591-tmhssin2h21lcre235vtolojh4g403ep.apps.googleusercontent.com&redirect_uri=http%3A%2F%2Flocalhost%3A32889%2Foauth-callback
2026-05-08 18:22:00.404 [info] OAuth token changed, executing antigravity.handleAuthRefresh
2026-05-08 18:24:38.479 [info] [Auth] Auth state changed to: validatingLogin
2026-05-08 18:24:41.366 [info] [Auth] Auth state changed to: signedIn
2026-05-08 18:24:41.373 [info] [Auth] Localhost server stopped
2026-05-08 18:24:41.466 [info] OAuth token changed, executing antigravity.handleAuthRefresh
2026-05-08 18:24:58.557 [info] [Auth] Auth state changed to: signedOut
2026-05-08 18:24:58.663 [info] OAuth token changed, executing antigravity.handleAuthRefresh
2026-05-08 18:25:03.096 [info] [Auth] Localhost server listening on port 42805
2026-05-08 18:25:03.106 [info] [Auth] Login URL:  https://accounts.google.com/o/oauth2/v2/auth?access_type=offline&scope=https%3A%2F%2Fwww.googleapis.com%2Fauth%2Fcloud-platform%20https%3A%2F%2Fwww.googleapis.com%2Fauth%2Fuserinfo.email%20https%3A%2F%2Fwww.googleapis.com%2Fauth%2Fuserinfo.profile%20https%3A%2F%2Fwww.googleapis.com%2Fauth%2Fcclog%20https%3A%2F%2Fwww.googleapis.com%2Fauth%2Fexperimentsandconfigs&state=423b9411-08dc-4e76-bbc5-293f616506e8&prompt=consent&response_type=code&client_id=1071006060591-tmhssin2h21lcre235vtolojh4g403ep.apps.googleusercontent.com&redirect_uri=http%3A%2F%2Flocalhost%3A42805%2Foauth-callback
2026-05-08 18:25:08.361 [info] [Auth] Auth state changed to: validatingLogin
2026-05-08 18:25:10.675 [info] [Auth] Auth state changed to: signedIn
2026-05-08 18:25:10.683 [info] [Auth] Localhost server stopped
2026-05-08 18:25:10.734 [info] OAuth token changed, executing antigravity.handleAuthRefresh
2026-05-08 18:25:30.611 [info] [Auth] Auth state changed to: signedOut
2026-05-08 18:25:30.822 [info] OAuth token changed, executing antigravity.handleAuthRefresh
2026-05-08 18:25:35.443 [info] [Auth] Localhost server listening on port 38841
2026-05-08 18:25:35.456 [info] [Auth] Login URL:  https://accounts.google.com/o/oauth2/v2/auth?access_type=offline&scope=https%3A%2F%2Fwww.googleapis.com%2Fauth%2Fcloud-platform%20https%3A%2F%2Fwww.googleapis.com%2Fauth%2Fuserinfo.email%20https%3A%2F%2Fwww.googleapis.com%2Fauth%2Fuserinfo.profile%20https%3A%2F%2Fwww.googleapis.com%2Fauth%2Fcclog%20https%3A%2F%2Fwww.googleapis.com%2Fauth%2Fexperimentsandconfigs&state=e7ac3b7a-7dc9-45eb-a8cf-a0ee2eadd931&prompt=consent&response_type=code&client_id=1071006060591-tmhssin2h21lcre235vtolojh4g403ep.apps.googleusercontent.com&redirect_uri=http%3A%2F%2Flocalhost%3A38841%2Foauth-callback
