2026-05-06 22:55:17.567 [info] [main] Log level: Info
2026-05-06 22:55:17.567 [info] [main] Validating found git in: "git"
2026-05-06 22:55:17.567 [info] [main] Using git "2.43.0" from "git"
2026-05-06 22:55:17.567 [info] [Model][doInitialScan] Initial repository scan started
2026-05-06 22:55:17.567 [info] [Model][doInitialScan] Initial repository scan completed - repositories (0), closed repositories (0), parent repositories (0), unsafe repositories (0)
2026-05-07 20:37:48.577 [info] [main] Log level: Info
2026-05-07 20:37:48.578 [info] [main] Validating found git in: "git"
2026-05-07 20:37:48.578 [info] [main] Using git "2.43.0" from "git"
2026-05-07 20:37:48.578 [info] [Model][doInitialScan] Initial repository scan started
2026-05-07 20:37:48.578 [info] > git rev-parse --show-toplevel [8ms]
2026-05-07 20:37:48.578 [info] fatal: not a git repository (or any of the parent directories): .git
2026-05-07 20:37:48.619 [info] > git rev-parse --show-toplevel [1ms]
2026-05-07 20:37:48.619 [info] fatal: not a git repository (or any of the parent directories): .git
2026-05-07 20:37:48.625 [info] > git rev-parse --show-toplevel [1ms]
2026-05-07 20:37:48.625 [info] fatal: not a git repository (or any of the parent directories): .git
2026-05-07 20:37:48.632 [info] > git rev-parse --show-toplevel [2ms]
2026-05-07 20:37:48.632 [info] fatal: not a git repository (or any of the parent directories): .git
2026-05-07 20:37:48.638 [info] > git rev-parse --show-toplevel [2ms]
2026-05-07 20:37:48.638 [info] fatal: not a git repository (or any of the parent directories): .git
2026-05-07 20:37:48.644 [info] > git rev-parse --show-toplevel [1ms]
2026-05-07 20:37:48.644 [info] fatal: not a git repository (or any of the parent directories): .git
2026-05-07 20:37:48.650 [info] > git rev-parse --show-toplevel [1ms]
2026-05-07 20:37:48.650 [info] fatal: not a git repository (or any of the parent directories): .git
2026-05-07 20:37:48.657 [info] > git rev-parse --show-toplevel [2ms]
2026-05-07 20:37:48.657 [info] fatal: not a git repository (or any of the parent directories): .git
2026-05-07 20:37:48.663 [info] > git rev-parse --show-toplevel [1ms]
2026-05-07 20:37:48.663 [info] fatal: not a git repository (or any of the parent directories): .git
2026-05-07 20:37:48.671 [info] > git rev-parse --show-toplevel [2ms]
2026-05-07 20:37:48.671 [info] fatal: not a git repository (or any of the parent directories): .git
2026-05-07 20:37:48.677 [info] > git rev-parse --show-toplevel [1ms]
2026-05-07 20:37:48.677 [info] fatal: not a git repository (or any of the parent directories): .git
2026-05-07 20:37:48.681 [info] [Model][doInitialScan] Initial repository scan completed - repositories (0), closed repositories (0), parent repositories (0), unsafe repositories (0)
2026-05-07 20:37:49.099 [info] > git rev-parse --show-toplevel [2ms]
2026-05-07 20:37:49.099 [info] fatal: not a git repository (or any of the parent directories): .git
2026-05-07 20:37:52.088 [info] > git rev-parse --show-toplevel [3ms]
2026-05-07 20:37:52.088 [info] fatal: not a git repository (or any of the parent directories): .git
2026-05-07 20:37:52.130 [info] > git rev-parse --show-toplevel [2ms]
2026-05-07 20:37:52.130 [info] fatal: not a git repository (or any of the parent directories): .git
2026-05-07 20:37:56.432 [info] [main] Log level: Info
2026-05-07 20:37:56.432 [info] [main] Validating found git in: "git"
2026-05-07 20:37:56.432 [info] [main] Using git "2.43.0" from "git"
2026-05-07 20:37:56.432 [info] [Model][doInitialScan] Initial repository scan started
2026-05-07 20:37:56.432 [info] > git rev-parse --show-toplevel [8ms]
2026-05-07 20:37:56.432 [info] fatal: not a git repository (or any of the parent directories): .git
2026-05-07 20:37:56.513 [info] > git rev-parse --show-toplevel [4ms]
2026-05-07 20:37:56.513 [info] fatal: not a git repository (or any of the parent directories): .git
2026-05-07 20:37:56.522 [info] > git rev-parse --show-toplevel [1ms]
2026-05-07 20:37:56.522 [info] fatal: not a git repository (or any of the parent directories): .git
2026-05-07 20:37:56.530 [info] > git rev-parse --show-toplevel [1ms]
2026-05-07 20:37:56.530 [info] fatal: not a git repository (or any of the parent directories): .git
2026-05-07 20:37:56.539 [info] > git rev-parse --show-toplevel [2ms]
2026-05-07 20:37:56.539 [info] fatal: not a git repository (or any of the parent directories): .git
2026-05-07 20:37:56.549 [info] > git rev-parse --show-toplevel [4ms]
2026-05-07 20:37:56.549 [info] fatal: not a git repository (or any of the parent directories): .git
2026-05-07 20:37:56.574 [info] > git rev-parse --show-toplevel [14ms]
2026-05-07 20:37:56.574 [info] fatal: not a git repository (or any of the parent directories): .git
2026-05-07 20:37:56.593 [info] > git rev-parse --show-toplevel [1ms]
2026-05-07 20:37:56.593 [info] fatal: not a git repository (or any of the parent directories): .git
2026-05-07 20:37:56.601 [info] > git rev-parse --show-toplevel [2ms]
2026-05-07 20:37:56.601 [info] fatal: not a git repository (or any of the parent directories): .git
2026-05-07 20:37:56.610 [info] > git rev-parse --show-toplevel [1ms]
2026-05-07 20:37:56.610 [info] fatal: not a git repository (or any of the parent directories): .git
2026-05-07 20:37:56.619 [info] > git rev-parse --show-toplevel [1ms]
2026-05-07 20:37:56.619 [info] fatal: not a git repository (or any of the parent directories): .git
2026-05-07 20:37:56.625 [info] [Model][doInitialScan] Initial repository scan completed - repositories (0), closed repositories (0), parent repositories (0), unsafe repositories (0)
2026-05-07 20:37:56.634 [info] > git rev-parse --show-toplevel [3ms]
2026-05-07 20:37:56.634 [info] fatal: not a git repository (or any of the parent directories): .git
2026-05-07 20:37:58.367 [info] > git rev-parse --show-toplevel [5ms]
2026-05-07 20:37:58.367 [info] fatal: not a git repository (or any of the parent directories): .git
2026-05-07 21:07:18.103 [info] > git rev-parse --show-toplevel [3ms]
2026-05-07 21:07:18.122 [info] > git rev-parse --git-dir --git-common-dir --show-superproject-working-tree [11ms]
2026-05-07 21:07:18.137 [info] [Model][openRepository] Opened repository (path): /home/umi/umi-exchange
2026-05-07 21:07:18.137 [info] [Model][openRepository] Opened repository (real path): /home/umi/umi-exchange
2026-05-07 21:07:18.137 [info] [Model][openRepository] Opened repository (kind): repository
2026-05-07 21:07:18.150 [info] > git config --get commit.template [5ms]
2026-05-07 21:07:18.158 [info] [Git][getRemotes] No remotes found in the git config file
2026-05-07 21:07:18.159 [info] > git for-each-ref --format=%(refname)%00%(upstream:short)%00%(objectname)%00%(upstream:track)%00%(upstream:remotename)%00%(upstream:remoteref) refs/heads/master refs/remotes/master [2ms]
2026-05-07 21:07:18.160 [warning] [Git][getBranch] No such branch: master
2026-05-07 21:07:18.177 [info] > git status -z -uall [11ms]
2026-05-07 21:07:18.182 [info] > git for-each-ref --sort -committerdate --format %(refname)%00%(objectname)%00%(*objectname) [8ms]
2026-05-07 21:07:18.211 [info] > git for-each-ref --format=%(refname)%00%(upstream:short)%00%(objectname)%00%(upstream:track)%00%(upstream:remotename)%00%(upstream:remoteref) refs/heads/master refs/remotes/master [13ms]
2026-05-07 21:07:18.211 [warning] [Git][getBranch] No such branch: master
2026-05-07 21:07:18.212 [error] [GitHistoryProvider][resolveHEADMergeBase] Failed to resolve merge base for master: Error: No such branch: master.
2026-05-07 21:07:18.215 [info] > git config --get commit.template [4ms]
2026-05-07 21:07:18.226 [info] [Git][getRemotes] No remotes found in the git config file
2026-05-07 21:07:18.228 [info] > git for-each-ref --format=%(refname)%00%(upstream:short)%00%(objectname)%00%(upstream:track)%00%(upstream:remotename)%00%(upstream:remoteref) refs/heads/master refs/remotes/master [2ms]
2026-05-07 21:07:18.228 [warning] [Git][getBranch] No such branch: master
2026-05-07 21:07:18.280 [info] > git status -z -uall [47ms]
2026-05-07 21:07:18.280 [info] > git for-each-ref --sort -committerdate --format %(refname)%00%(objectname)%00%(*objectname) [41ms]
2026-05-07 21:07:18.725 [info] > git check-ignore -v -z --stdin [5ms]
2026-05-07 21:07:27.667 [info] [Git][getRemotes] No remotes found in the git config file
2026-05-07 21:07:27.668 [info] > git config --get commit.template [8ms]
2026-05-07 21:07:27.669 [info] > git for-each-ref --format=%(refname)%00%(upstream:short)%00%(objectname)%00%(upstream:track)%00%(upstream:remotename)%00%(upstream:remoteref) refs/heads/master refs/remotes/master [3ms]
2026-05-07 21:07:27.669 [warning] [Git][getBranch] No such branch: master
2026-05-07 21:07:27.683 [info] > git status -z -uall [7ms]
2026-05-07 21:07:27.685 [info] > git for-each-ref --sort -committerdate --format %(refname)%00%(objectname)%00%(*objectname) [2ms]
2026-05-07 21:07:47.821 [info] [Git][getRemotes] No remotes found in the git config file
2026-05-07 21:07:47.822 [info] > git config --get commit.template [7ms]
2026-05-07 21:07:47.822 [info] > git for-each-ref --format=%(refname)%00%(upstream:short)%00%(objectname)%00%(upstream:track)%00%(upstream:remotename)%00%(upstream:remoteref) refs/heads/master refs/remotes/master [1ms]
2026-05-07 21:07:47.822 [warning] [Git][getBranch] No such branch: master
2026-05-07 21:07:47.835 [info] > git status -z -uall [7ms]
2026-05-07 21:07:47.836 [info] > git for-each-ref --sort -committerdate --format %(refname)%00%(objectname)%00%(*objectname) [2ms]
2026-05-07 21:09:48.479 [info] [Git][getRemotes] No remotes found in the git config file
2026-05-07 21:09:48.485 [info] > git config --get commit.template [7ms]
2026-05-07 21:09:48.486 [info] > git for-each-ref --format=%(refname)%00%(upstream:short)%00%(objectname)%00%(upstream:track)%00%(upstream:remotename)%00%(upstream:remoteref) refs/heads/master refs/remotes/master [1ms]
2026-05-07 21:09:48.486 [warning] [Git][getBranch] No such branch: master
2026-05-07 21:09:48.499 [info] > git status -z -uall [7ms]
2026-05-07 21:09:48.500 [info] > git for-each-ref --sort -committerdate --format %(refname)%00%(objectname)%00%(*objectname) [2ms]
2026-05-07 21:10:26.330 [info] [Git][getRemotes] No remotes found in the git config file
2026-05-07 21:10:26.330 [info] > git config --get commit.template [8ms]
2026-05-07 21:10:26.331 [info] > git for-each-ref --format=%(refname)%00%(upstream:short)%00%(objectname)%00%(upstream:track)%00%(upstream:remotename)%00%(upstream:remoteref) refs/heads/master refs/remotes/master [2ms]
2026-05-07 21:10:26.346 [info] > git status -z -uall [8ms]
2026-05-07 21:10:26.347 [info] > git for-each-ref --sort -committerdate --format %(refname)%00%(objectname)%00%(*objectname) [2ms]
2026-05-07 21:10:54.473 [info] [Git][getRemotes] No remotes found in the git config file
2026-05-07 21:10:54.474 [info] > git config --get commit.template [9ms]
2026-05-07 21:10:54.475 [info] > git for-each-ref --format=%(refname)%00%(upstream:short)%00%(objectname)%00%(upstream:track)%00%(upstream:remotename)%00%(upstream:remoteref) refs/heads/master refs/remotes/master [3ms]
2026-05-07 21:10:54.488 [info] > git status -z -uall [8ms]
2026-05-07 21:10:54.489 [info] > git for-each-ref --sort -committerdate --format %(refname)%00%(objectname)%00%(*objectname) [2ms]
2026-05-07 21:13:26.828 [info] > git check-ignore -v -z --stdin [1ms]
2026-05-07 21:13:27.424 [info] [Git][getRemotes] No remotes found in the git config file
2026-05-07 21:13:27.426 [info] > git config --get commit.template [19ms]
2026-05-07 21:13:27.428 [info] > git for-each-ref --format=%(refname)%00%(upstream:short)%00%(objectname)%00%(upstream:track)%00%(upstream:remotename)%00%(upstream:remoteref) refs/heads/master refs/remotes/master [5ms]
2026-05-07 21:13:27.449 [info] > git status -z -uall [9ms]
2026-05-07 21:13:27.450 [info] > git for-each-ref --sort -committerdate --format %(refname)%00%(objectname)%00%(*objectname) [3ms]
2026-05-07 21:13:34.440 [info] > git check-ignore -v -z --stdin [5ms]
2026-05-07 21:13:34.913 [info] [Git][getRemotes] No remotes found in the git config file
2026-05-07 21:13:34.915 [info] > git config --get commit.template [22ms]
2026-05-07 21:13:34.919 [info] > git for-each-ref --format=%(refname)%00%(upstream:short)%00%(objectname)%00%(upstream:track)%00%(upstream:remotename)%00%(upstream:remoteref) refs/heads/master refs/remotes/master [7ms]
2026-05-07 21:13:34.957 [info] > git status -z -uall [21ms]
2026-05-07 21:13:34.961 [info] > git for-each-ref --sort -committerdate --format %(refname)%00%(objectname)%00%(*objectname) [6ms]
2026-05-07 21:13:42.649 [info] > git check-ignore -v -z --stdin [5ms]
2026-05-07 21:13:43.164 [info] [Git][getRemotes] No remotes found in the git config file
2026-05-07 21:13:43.165 [info] > git config --get commit.template [8ms]
2026-05-07 21:13:43.166 [info] > git for-each-ref --format=%(refname)%00%(upstream:short)%00%(objectname)%00%(upstream:track)%00%(upstream:remotename)%00%(upstream:remoteref) refs/heads/master refs/remotes/master [2ms]
2026-05-07 21:13:43.180 [info] > git status -z -uall [7ms]
2026-05-07 21:13:43.182 [info] > git for-each-ref --sort -committerdate --format %(refname)%00%(objectname)%00%(*objectname) [3ms]
2026-05-07 21:13:51.177 [info] > git check-ignore -v -z --stdin [3ms]
2026-05-07 21:13:51.768 [info] [Git][getRemotes] No remotes found in the git config file
2026-05-07 21:13:51.770 [info] > git config --get commit.template [21ms]
2026-05-07 21:13:51.773 [info] > git for-each-ref --format=%(refname)%00%(upstream:short)%00%(objectname)%00%(upstream:track)%00%(upstream:remotename)%00%(upstream:remoteref) refs/heads/master refs/remotes/master [5ms]
2026-05-07 21:13:51.798 [info] > git status -z -uall [12ms]
2026-05-07 21:13:51.799 [info] > git for-each-ref --sort -committerdate --format %(refname)%00%(objectname)%00%(*objectname) [2ms]
2026-05-07 21:13:58.897 [info] > git check-ignore -v -z --stdin [6ms]
2026-05-07 21:13:59.324 [info] > git config --get commit.template [5ms]
2026-05-07 21:13:59.339 [info] [Git][getRemotes] No remotes found in the git config file
2026-05-07 21:13:59.342 [info] > git for-each-ref --format=%(refname)%00%(upstream:short)%00%(objectname)%00%(upstream:track)%00%(upstream:remotename)%00%(upstream:remoteref) refs/heads/master refs/remotes/master [3ms]
2026-05-07 21:13:59.357 [info] > git status -z -uall [7ms]
2026-05-07 21:13:59.358 [info] > git for-each-ref --sort -committerdate --format %(refname)%00%(objectname)%00%(*objectname) [2ms]
2026-05-07 21:14:09.300 [info] > git check-ignore -v -z --stdin [5ms]
2026-05-07 21:14:09.814 [info] [Git][getRemotes] No remotes found in the git config file
2026-05-07 21:14:09.817 [info] > git config --get commit.template [22ms]
2026-05-07 21:14:09.819 [info] > git for-each-ref --format=%(refname)%00%(upstream:short)%00%(objectname)%00%(upstream:track)%00%(upstream:remotename)%00%(upstream:remoteref) refs/heads/master refs/remotes/master [6ms]
2026-05-07 21:14:09.840 [info] > git status -z -uall [10ms]
2026-05-07 21:14:09.842 [info] > git for-each-ref --sort -committerdate --format %(refname)%00%(objectname)%00%(*objectname) [4ms]
2026-05-07 21:14:11.289 [info] > git check-ignore -v -z --stdin [5ms]
2026-05-07 21:14:14.878 [info] [Git][getRemotes] No remotes found in the git config file
2026-05-07 21:14:14.879 [info] > git config --get commit.template [14ms]
2026-05-07 21:14:14.881 [info] > git for-each-ref --format=%(refname)%00%(upstream:short)%00%(objectname)%00%(upstream:track)%00%(upstream:remotename)%00%(upstream:remoteref) refs/heads/master refs/remotes/master [3ms]
2026-05-07 21:14:14.895 [info] > git status -z -uall [7ms]
2026-05-07 21:14:14.897 [info] > git for-each-ref --sort -committerdate --format %(refname)%00%(objectname)%00%(*objectname) [2ms]
2026-05-07 21:14:27.197 [info] > git check-ignore -v -z --stdin [6ms]
2026-05-07 21:14:27.646 [info] [Git][getRemotes] No remotes found in the git config file
2026-05-07 21:14:27.647 [info] > git config --get commit.template [12ms]
2026-05-07 21:14:27.648 [info] > git for-each-ref --format=%(refname)%00%(upstream:short)%00%(objectname)%00%(upstream:track)%00%(upstream:remotename)%00%(upstream:remoteref) refs/heads/master refs/remotes/master [2ms]
2026-05-07 21:14:27.663 [info] > git status -z -uall [8ms]
2026-05-07 21:14:27.664 [info] > git for-each-ref --sort -committerdate --format %(refname)%00%(objectname)%00%(*objectname) [2ms]
2026-05-07 21:14:33.795 [info] > git check-ignore -v -z --stdin [4ms]
2026-05-07 21:14:34.271 [info] [Git][getRemotes] No remotes found in the git config file
2026-05-07 21:14:34.272 [info] > git config --get commit.template [20ms]
2026-05-07 21:14:34.274 [info] > git for-each-ref --format=%(refname)%00%(upstream:short)%00%(objectname)%00%(upstream:track)%00%(upstream:remotename)%00%(upstream:remoteref) refs/heads/master refs/remotes/master [4ms]
2026-05-07 21:14:34.291 [info] > git status -z -uall [7ms]
2026-05-07 21:14:34.292 [info] > git for-each-ref --sort -committerdate --format %(refname)%00%(objectname)%00%(*objectname) [2ms]
2026-05-07 21:14:39.286 [info] > git check-ignore -v -z --stdin [5ms]
2026-05-07 21:14:39.851 [info] [Git][getRemotes] No remotes found in the git config file
2026-05-07 21:14:39.854 [info] > git config --get commit.template [21ms]
2026-05-07 21:14:39.856 [info] > git for-each-ref --format=%(refname)%00%(upstream:short)%00%(objectname)%00%(upstream:track)%00%(upstream:remotename)%00%(upstream:remoteref) refs/heads/master refs/remotes/master [4ms]
2026-05-07 21:14:39.874 [info] > git status -z -uall [9ms]
2026-05-07 21:14:39.875 [info] > git for-each-ref --sort -committerdate --format %(refname)%00%(objectname)%00%(*objectname) [3ms]
2026-05-07 21:14:42.786 [info] > git check-ignore -v -z --stdin [1ms]
2026-05-07 21:14:44.899 [info] [Git][getRemotes] No remotes found in the git config file
2026-05-07 21:14:44.900 [info] > git config --get commit.template [7ms]
2026-05-07 21:14:44.901 [info] > git for-each-ref --format=%(refname)%00%(upstream:short)%00%(objectname)%00%(upstream:track)%00%(upstream:remotename)%00%(upstream:remoteref) refs/heads/master refs/remotes/master [2ms]
2026-05-07 21:14:44.913 [info] > git status -z -uall [7ms]
2026-05-07 21:14:44.914 [info] > git for-each-ref --sort -committerdate --format %(refname)%00%(objectname)%00%(*objectname) [2ms]
2026-05-07 21:14:49.549 [info] > git check-ignore -v -z --stdin [6ms]
2026-05-07 21:14:49.989 [info] [Git][getRemotes] No remotes found in the git config file
2026-05-07 21:14:49.991 [info] > git config --get commit.template [21ms]
2026-05-07 21:14:49.995 [info] > git for-each-ref --format=%(refname)%00%(upstream:short)%00%(objectname)%00%(upstream:track)%00%(upstream:remotename)%00%(upstream:remoteref) refs/heads/master refs/remotes/master [6ms]
2026-05-07 21:14:50.029 [info] > git status -z -uall [16ms]
2026-05-07 21:14:50.032 [info] > git for-each-ref --sort -committerdate --format %(refname)%00%(objectname)%00%(*objectname) [4ms]
2026-05-07 21:14:56.174 [info] > git check-ignore -v -z --stdin [2ms]
2026-05-07 21:14:56.774 [info] > git config --get commit.template [6ms]
2026-05-07 21:14:56.788 [info] [Git][getRemotes] No remotes found in the git config file
2026-05-07 21:14:56.791 [info] > git for-each-ref --format=%(refname)%00%(upstream:short)%00%(objectname)%00%(upstream:track)%00%(upstream:remotename)%00%(upstream:remoteref) refs/heads/master refs/remotes/master [4ms]
2026-05-07 21:14:56.815 [info] > git status -z -uall [12ms]
2026-05-07 21:14:56.817 [info] > git for-each-ref --sort -committerdate --format %(refname)%00%(objectname)%00%(*objectname) [3ms]
2026-05-07 21:15:02.955 [info] > git check-ignore -v -z --stdin [5ms]
2026-05-07 21:15:03.532 [info] [Git][getRemotes] No remotes found in the git config file
2026-05-07 21:15:03.533 [info] > git config --get commit.template [20ms]
2026-05-07 21:15:03.537 [info] > git for-each-ref --format=%(refname)%00%(upstream:short)%00%(objectname)%00%(upstream:track)%00%(upstream:remotename)%00%(upstream:remoteref) refs/heads/master refs/remotes/master [6ms]
2026-05-07 21:15:03.560 [info] > git status -z -uall [11ms]
2026-05-07 21:15:03.561 [info] > git for-each-ref --sort -committerdate --format %(refname)%00%(objectname)%00%(*objectname) [4ms]
2026-05-07 21:15:05.062 [info] > git check-ignore -v -z --stdin [6ms]
2026-05-07 21:15:08.581 [info] [Git][getRemotes] No remotes found in the git config file
2026-05-07 21:15:08.582 [info] > git config --get commit.template [9ms]
2026-05-07 21:15:08.583 [info] > git for-each-ref --format=%(refname)%00%(upstream:short)%00%(objectname)%00%(upstream:track)%00%(upstream:remotename)%00%(upstream:remoteref) refs/heads/master refs/remotes/master [2ms]
2026-05-07 21:15:08.596 [info] > git status -z -uall [7ms]
2026-05-07 21:15:08.598 [info] > git for-each-ref --sort -committerdate --format %(refname)%00%(objectname)%00%(*objectname) [3ms]
2026-05-07 21:15:29.911 [info] [Git][getRemotes] No remotes found in the git config file
2026-05-07 21:15:29.914 [info] > git for-each-ref --format=%(refname)%00%(upstream:short)%00%(objectname)%00%(upstream:track)%00%(upstream:remotename)%00%(upstream:remoteref) refs/heads/master refs/remotes/master [4ms]
2026-05-07 21:15:29.914 [info] > git config --get commit.template [11ms]
2026-05-07 21:15:29.930 [info] > git status -z -uall [9ms]
2026-05-07 21:15:29.932 [info] > git for-each-ref --sort -committerdate --format %(refname)%00%(objectname)%00%(*objectname) [3ms]
2026-05-07 21:15:34.971 [info] [Git][getRemotes] No remotes found in the git config file
2026-05-07 21:15:34.972 [info] > git config --get commit.template [19ms]
2026-05-07 21:15:34.974 [info] > git for-each-ref --format=%(refname)%00%(upstream:short)%00%(objectname)%00%(upstream:track)%00%(upstream:remotename)%00%(upstream:remoteref) refs/heads/master refs/remotes/master [4ms]
2026-05-07 21:15:34.989 [info] > git status -z -uall [6ms]
2026-05-07 21:15:34.990 [info] > git for-each-ref --sort -committerdate --format %(refname)%00%(objectname)%00%(*objectname) [1ms]
2026-05-07 21:15:48.915 [info] > git check-ignore -v -z --stdin [24ms]
2026-05-07 21:15:49.144 [info] > git config --get commit.template [9ms]
2026-05-07 21:15:49.153 [info] [Git][getRemotes] No remotes found in the git config file
2026-05-07 21:15:49.156 [info] > git for-each-ref --format=%(refname)%00%(upstream:short)%00%(objectname)%00%(upstream:track)%00%(upstream:remotename)%00%(upstream:remoteref) refs/heads/master refs/remotes/master [3ms]
2026-05-07 21:15:49.176 [info] > git status -z -uall [11ms]
2026-05-07 21:15:49.178 [info] > git for-each-ref --sort -committerdate --format %(refname)%00%(objectname)%00%(*objectname) [5ms]
2026-05-07 21:16:06.725 [info] > git check-ignore -v -z --stdin [3ms]
2026-05-07 21:16:07.177 [info] [Git][getRemotes] No remotes found in the git config file
2026-05-07 21:16:07.178 [info] > git config --get commit.template [12ms]
2026-05-07 21:16:07.179 [info] > git for-each-ref --format=%(refname)%00%(upstream:short)%00%(objectname)%00%(upstream:track)%00%(upstream:remotename)%00%(upstream:remoteref) refs/heads/master refs/remotes/master [3ms]
2026-05-07 21:16:07.200 [info] > git status -z -uall [12ms]
2026-05-07 21:16:07.202 [info] > git for-each-ref --sort -committerdate --format %(refname)%00%(objectname)%00%(*objectname) [3ms]
2026-05-07 21:16:18.708 [info] [Git][getRemotes] No remotes found in the git config file
2026-05-07 21:16:18.710 [info] > git config --get commit.template [18ms]
2026-05-07 21:16:18.712 [info] > git for-each-ref --format=%(refname)%00%(upstream:short)%00%(objectname)%00%(upstream:track)%00%(upstream:remotename)%00%(upstream:remoteref) refs/heads/master refs/remotes/master [4ms]
2026-05-07 21:16:18.733 [info] > git status -z -uall [9ms]
2026-05-07 21:16:18.734 [info] > git for-each-ref --sort -committerdate --format %(refname)%00%(objectname)%00%(*objectname) [2ms]
2026-05-07 21:16:32.808 [info] > git check-ignore -v -z --stdin [4ms]
2026-05-07 21:16:32.976 [info] > git show --textconv :requirements.txt [13ms]
2026-05-07 21:16:32.978 [info] > git ls-files --stage -- requirements.txt [3ms]
2026-05-07 21:16:32.990 [info] > git cat-file -s 07f834743785bdca84ce448e0ba6271f77fbd545 [3ms]
2026-05-07 21:16:34.145 [info] > git check-ignore -v -z --stdin [2ms]
2026-05-07 21:16:40.969 [info] > git check-ignore -v -z --stdin [7ms]
2026-05-07 21:16:41.396 [info] [Git][getRemotes] No remotes found in the git config file
2026-05-07 21:16:41.397 [info] > git config --get commit.template [9ms]
2026-05-07 21:16:41.398 [info] > git for-each-ref --format=%(refname)%00%(upstream:short)%00%(objectname)%00%(upstream:track)%00%(upstream:remotename)%00%(upstream:remoteref) refs/heads/master refs/remotes/master [2ms]
2026-05-07 21:16:41.421 [info] > git status -z -uall [16ms]
2026-05-07 21:16:41.422 [info] > git for-each-ref --sort -committerdate --format %(refname)%00%(objectname)%00%(*objectname) [8ms]
2026-05-07 21:16:50.227 [info] > git check-ignore -v -z --stdin [7ms]
2026-05-07 21:16:50.653 [info] [Git][getRemotes] No remotes found in the git config file
2026-05-07 21:16:50.654 [info] > git config --get commit.template [9ms]
2026-05-07 21:16:50.655 [info] > git for-each-ref --format=%(refname)%00%(upstream:short)%00%(objectname)%00%(upstream:track)%00%(upstream:remotename)%00%(upstream:remoteref) refs/heads/master refs/remotes/master [2ms]
2026-05-07 21:16:50.672 [info] > git status -z -uall [9ms]
2026-05-07 21:16:50.674 [info] > git for-each-ref --sort -committerdate --format %(refname)%00%(objectname)%00%(*objectname) [3ms]
2026-05-07 21:16:53.919 [info] > git check-ignore -v -z --stdin [4ms]
2026-05-07 21:16:54.114 [info] > git check-ignore -v -z --stdin [4ms]
2026-05-07 21:16:54.349 [info] > git show --textconv :apps/accounts/urls_settings.py [10ms]
2026-05-07 21:16:54.351 [info] > git ls-files --stage -- apps/accounts/urls_settings.py [3ms]
2026-05-07 21:16:54.363 [info] > git cat-file -s 186c4fbc4e32124911a75de09eae6f8d5fdfe02b [4ms]
2026-05-07 21:16:54.571 [info] > git check-ignore -v -z --stdin [2ms]
2026-05-07 21:16:58.863 [info] > git check-ignore -v -z --stdin [6ms]
2026-05-07 21:16:59.048 [info] > git check-ignore -v -z --stdin [3ms]
2026-05-07 21:16:59.238 [info] > git show --textconv :config/settings/base.py [11ms]
2026-05-07 21:16:59.240 [info] > git ls-files --stage -- config/settings/base.py [4ms]
2026-05-07 21:16:59.250 [info] > git cat-file -s 998dcbbde9de6f533fcaefaf2d255abeeba1759a [2ms]
2026-05-07 21:16:59.489 [info] > git check-ignore -v -z --stdin [2ms]
2026-05-07 21:17:06.870 [info] > git check-ignore -v -z --stdin [2ms]
2026-05-07 21:17:07.065 [info] > git check-ignore -v -z --stdin [2ms]
2026-05-07 21:17:07.490 [info] > git check-ignore -v -z --stdin [2ms]
2026-05-07 21:17:10.700 [info] > git check-ignore -v -z --stdin [3ms]
2026-05-07 21:17:10.849 [info] > git check-ignore -v -z --stdin [4ms]
2026-05-07 21:17:15.157 [info] > git check-ignore -v -z --stdin [4ms]
2026-05-07 21:17:15.475 [info] > git check-ignore -v -z --stdin [3ms]
2026-05-07 21:17:15.788 [info] > git show --textconv :docker-compose.yml [12ms]
2026-05-07 21:17:15.790 [info] > git ls-files --stage -- docker-compose.yml [3ms]
2026-05-07 21:17:15.800 [info] > git cat-file -s 93d4e2b1763cd13da7040eef136173a44fcd6627 [2ms]
2026-05-07 21:17:16.400 [info] > git check-ignore -v -z --stdin [2ms]
2026-05-07 21:17:16.792 [info] > git config --get commit.template [4ms]
2026-05-07 21:17:16.801 [info] [Git][getRemotes] No remotes found in the git config file
2026-05-07 21:17:16.804 [info] > git for-each-ref --format=%(refname)%00%(upstream:short)%00%(objectname)%00%(upstream:track)%00%(upstream:remotename)%00%(upstream:remoteref) refs/heads/master refs/remotes/master [2ms]
2026-05-07 21:17:16.821 [info] > git status -z -uall [10ms]
2026-05-07 21:17:16.823 [info] > git for-each-ref --sort -committerdate --format %(refname)%00%(objectname)%00%(*objectname) [3ms]
2026-05-07 21:17:17.766 [info] > git check-ignore -v -z --stdin [4ms]
2026-05-07 21:17:17.938 [info] > git check-ignore -v -z --stdin [3ms]
2026-05-07 21:17:18.126 [info] > git show --textconv :templates/accounts/settings.html [14ms]
2026-05-07 21:17:18.127 [info] > git ls-files --stage -- templates/accounts/settings.html [2ms]
2026-05-07 21:17:18.137 [info] > git cat-file -s 6c6bed5a41a2fcd819db652a5aacc294fcf93016 [3ms]
2026-05-07 21:17:18.410 [info] > git check-ignore -v -z --stdin [2ms]
2026-05-07 21:17:22.284 [info] > git check-ignore -v -z --stdin [5ms]
2026-05-07 21:17:22.583 [info] > git check-ignore -v -z --stdin [2ms]
2026-05-07 21:17:22.771 [info] > git show --textconv :Dockerfile [10ms]
2026-05-07 21:17:22.773 [info] > git ls-files --stage -- Dockerfile [3ms]
2026-05-07 21:17:22.784 [info] > git cat-file -s 53a0f6089454ef689c7412c5b6d1ccdc31b0062d [2ms]
2026-05-07 21:17:27.170 [info] > git check-ignore -v -z --stdin [2ms]
2026-05-07 21:17:49.927 [info] [Git][getRemotes] No remotes found in the git config file
2026-05-07 21:17:49.932 [info] > git config --get commit.template [26ms]
2026-05-07 21:17:49.934 [info] > git for-each-ref --format=%(refname)%00%(upstream:short)%00%(objectname)%00%(upstream:track)%00%(upstream:remotename)%00%(upstream:remoteref) refs/heads/master refs/remotes/master [7ms]
2026-05-07 21:17:49.958 [info] > git status -z -uall [9ms]
2026-05-07 21:17:49.959 [info] > git for-each-ref --sort -committerdate --format %(refname)%00%(objectname)%00%(*objectname) [2ms]
2026-05-07 21:17:54.684 [info] > git check-ignore -v -z --stdin [6ms]
2026-05-07 21:17:54.910 [info] > git check-ignore -v -z --stdin [3ms]
2026-05-07 21:17:55.103 [info] > git show --textconv :templates/accounts/settings.html [9ms]
2026-05-07 21:17:55.105 [info] > git ls-files --stage -- templates/accounts/settings.html [3ms]
2026-05-07 21:17:55.117 [info] > git cat-file -s 6c6bed5a41a2fcd819db652a5aacc294fcf93016 [4ms]
2026-05-07 21:18:03.202 [info] > git check-ignore -v -z --stdin [4ms]
2026-05-07 21:18:03.766 [info] [Git][getRemotes] No remotes found in the git config file
2026-05-07 21:18:03.769 [info] > git config --get commit.template [20ms]
2026-05-07 21:18:03.769 [info] > git for-each-ref --format=%(refname)%00%(upstream:short)%00%(objectname)%00%(upstream:track)%00%(upstream:remotename)%00%(upstream:remoteref) refs/heads/master refs/remotes/master [3ms]
2026-05-07 21:18:03.787 [info] > git status -z -uall [9ms]
2026-05-07 21:18:03.789 [info] > git for-each-ref --sort -committerdate --format %(refname)%00%(objectname)%00%(*objectname) [3ms]
2026-05-07 21:18:04.255 [info] > git check-ignore -v -z --stdin [3ms]
2026-05-07 21:18:04.411 [info] > git check-ignore -v -z --stdin [3ms]
2026-05-07 21:18:04.581 [info] > git show --textconv :apps/accounts/views.py [19ms]
2026-05-07 21:18:04.587 [info] > git ls-files --stage -- apps/accounts/views.py [8ms]
2026-05-07 21:18:04.606 [info] > git cat-file -s 6d1cbb6792275e9f1603f741a5e9ce78d6e0d829 [8ms]
2026-05-07 21:18:17.795 [info] > git check-ignore -v -z --stdin [5ms]
2026-05-07 21:18:18.321 [info] [Git][getRemotes] No remotes found in the git config file
2026-05-07 21:18:18.323 [info] > git config --get commit.template [21ms]
2026-05-07 21:18:18.326 [info] > git for-each-ref --format=%(refname)%00%(upstream:short)%00%(objectname)%00%(upstream:track)%00%(upstream:remotename)%00%(upstream:remoteref) refs/heads/master refs/remotes/master [6ms]
2026-05-07 21:18:18.358 [info] > git status -z -uall [14ms]
2026-05-07 21:18:18.360 [info] > git for-each-ref --sort -committerdate --format %(refname)%00%(objectname)%00%(*objectname) [3ms]
2026-05-07 21:18:42.939 [info] > git config --get commit.template [5ms]
2026-05-07 21:18:42.959 [info] [Git][getRemotes] No remotes found in the git config file
2026-05-07 21:18:42.965 [info] > git for-each-ref --format=%(refname)%00%(upstream:short)%00%(objectname)%00%(upstream:track)%00%(upstream:remotename)%00%(upstream:remoteref) refs/heads/master refs/remotes/master [6ms]
2026-05-07 21:18:42.994 [info] > git status -z -uall [13ms]
2026-05-07 21:18:42.996 [info] > git for-each-ref --sort -committerdate --format %(refname)%00%(objectname)%00%(*objectname) [3ms]
2026-05-07 21:18:56.554 [info] > git check-ignore -v -z --stdin [7ms]
2026-05-07 21:18:56.995 [info] > git config --get commit.template [9ms]
2026-05-07 21:18:57.012 [info] [Git][getRemotes] No remotes found in the git config file
2026-05-07 21:18:57.015 [info] > git for-each-ref --format=%(refname)%00%(upstream:short)%00%(objectname)%00%(upstream:track)%00%(upstream:remotename)%00%(upstream:remoteref) refs/heads/master refs/remotes/master [3ms]
2026-05-07 21:18:57.038 [info] > git status -z -uall [11ms]
2026-05-07 21:18:57.040 [info] > git for-each-ref --sort -committerdate --format %(refname)%00%(objectname)%00%(*objectname) [4ms]
2026-05-07 21:18:57.097 [info] > git check-ignore -v -z --stdin [6ms]
2026-05-07 21:18:57.394 [info] > git check-ignore -v -z --stdin [6ms]
2026-05-07 21:18:57.661 [info] > git show --textconv :apps/communities/urls.py [10ms]
2026-05-07 21:18:57.662 [info] > git ls-files --stage -- apps/communities/urls.py [2ms]
2026-05-07 21:18:57.671 [info] > git cat-file -s f4b0cf45d6c2940f43f7bd027f095cdbc2a8689e [2ms]
2026-05-07 21:18:57.708 [info] > git check-ignore -v -z --stdin [2ms]
2026-05-07 21:19:02.525 [info] > git check-ignore -v -z --stdin [6ms]
2026-05-07 21:19:02.852 [info] > git check-ignore -v -z --stdin [3ms]
2026-05-07 21:19:03.047 [info] > git show --textconv :apps/dashboard/views.py [11ms]
2026-05-07 21:19:03.049 [info] > git ls-files --stage -- apps/dashboard/views.py [3ms]
2026-05-07 21:19:03.060 [info] > git cat-file -s 9f941d04a137d53e3dd429b10c76875754abee62 [2ms]
2026-05-07 21:19:03.188 [info] > git check-ignore -v -z --stdin [2ms]
2026-05-07 21:19:07.633 [info] > git check-ignore -v -z --stdin [3ms]
2026-05-07 21:19:07.794 [info] > git check-ignore -v -z --stdin [3ms]
2026-05-07 21:19:07.855 [info] > git show --textconv :templates/accounts/settings.html [10ms]
2026-05-07 21:19:07.857 [info] > git ls-files --stage -- templates/accounts/settings.html [3ms]
2026-05-07 21:19:07.865 [info] > git cat-file -s 6c6bed5a41a2fcd819db652a5aacc294fcf93016 [2ms]
2026-05-07 21:19:11.455 [info] > git check-ignore -v -z --stdin [3ms]
2026-05-07 21:19:11.604 [info] > git check-ignore -v -z --stdin [3ms]
2026-05-07 21:19:11.677 [info] > git show --textconv :apps/accounts/views.py [9ms]
2026-05-07 21:19:11.678 [info] > git ls-files --stage -- apps/accounts/views.py [2ms]
2026-05-07 21:19:11.687 [info] > git cat-file -s 6d1cbb6792275e9f1603f741a5e9ce78d6e0d829 [2ms]
2026-05-07 21:19:16.482 [info] > git check-ignore -v -z --stdin [2ms]
2026-05-07 21:19:16.933 [info] [Git][getRemotes] No remotes found in the git config file
2026-05-07 21:19:16.934 [info] > git config --get commit.template [11ms]
2026-05-07 21:19:16.935 [info] > git for-each-ref --format=%(refname)%00%(upstream:short)%00%(objectname)%00%(upstream:track)%00%(upstream:remotename)%00%(upstream:remoteref) refs/heads/master refs/remotes/master [2ms]
2026-05-07 21:19:16.956 [info] > git status -z -uall [11ms]
2026-05-07 21:19:16.957 [info] > git for-each-ref --sort -committerdate --format %(refname)%00%(objectname)%00%(*objectname) [2ms]
2026-05-07 21:19:23.497 [info] > git check-ignore -v -z --stdin [2ms]
2026-05-07 21:19:23.676 [info] > git check-ignore -v -z --stdin [2ms]
2026-05-07 21:19:23.761 [info] > git show --textconv :templates/dashboard/index.html [9ms]
2026-05-07 21:19:23.762 [info] > git ls-files --stage -- templates/dashboard/index.html [1ms]
2026-05-07 21:19:23.772 [info] > git cat-file -s 1373c765d0d1b89077427f01bcd7e695157cb423 [3ms]
2026-05-07 21:19:24.105 [info] > git check-ignore -v -z --stdin [2ms]
2026-05-07 21:19:26.776 [info] > git check-ignore -v -z --stdin [3ms]
2026-05-07 21:19:26.929 [info] > git check-ignore -v -z --stdin [4ms]
2026-05-07 21:19:27.058 [info] > git show --textconv :apps/accounts/views.py [19ms]
2026-05-07 21:19:27.062 [info] > git ls-files --stage -- apps/accounts/views.py [6ms]
2026-05-07 21:19:27.083 [info] > git cat-file -s 6d1cbb6792275e9f1603f741a5e9ce78d6e0d829 [7ms]
2026-05-07 21:19:27.625 [info] [Git][getRemotes] No remotes found in the git config file
2026-05-07 21:19:27.626 [info] > git config --get commit.template [26ms]
2026-05-07 21:19:27.633 [info] > git for-each-ref --format=%(refname)%00%(upstream:short)%00%(objectname)%00%(upstream:track)%00%(upstream:remotename)%00%(upstream:remoteref) refs/heads/master refs/remotes/master [8ms]
2026-05-07 21:19:27.679 [info] > git status -z -uall [26ms]
2026-05-07 21:19:27.681 [info] > git for-each-ref --sort -committerdate --format %(refname)%00%(objectname)%00%(*objectname) [6ms]
2026-05-07 21:19:31.448 [info] > git blame --root --incremental 96afb3e1891be8b176f143e70963c71b822f894a -- apps/accounts/views.py [10ms]
2026-05-07 21:19:37.564 [info] > git check-ignore -v -z --stdin [2ms]
2026-05-07 21:19:37.712 [info] > git check-ignore -v -z --stdin [2ms]
2026-05-07 21:19:37.791 [info] > git show --textconv :templates/dashboard/index.html [11ms]
2026-05-07 21:19:37.792 [info] > git ls-files --stage -- templates/dashboard/index.html [2ms]
2026-05-07 21:19:37.803 [info] > git cat-file -s 1373c765d0d1b89077427f01bcd7e695157cb423 [3ms]
2026-05-07 21:20:42.331 [info] > git check-ignore -v -z --stdin [4ms]
2026-05-07 21:20:42.531 [info] > git check-ignore -v -z --stdin [2ms]
2026-05-07 21:20:42.602 [info] > git show --textconv :apps/accounts/views.py [10ms]
2026-05-07 21:20:42.604 [info] > git ls-files --stage -- apps/accounts/views.py [3ms]
2026-05-07 21:20:42.613 [info] > git cat-file -s 6d1cbb6792275e9f1603f741a5e9ce78d6e0d829 [2ms]
2026-05-07 21:20:49.504 [info] [Git][getRemotes] No remotes found in the git config file
2026-05-07 21:20:49.506 [info] > git config --get commit.template [22ms]
2026-05-07 21:20:49.509 [info] > git for-each-ref --format=%(refname)%00%(upstream:short)%00%(objectname)%00%(upstream:track)%00%(upstream:remotename)%00%(upstream:remoteref) refs/heads/master refs/remotes/master [5ms]
2026-05-07 21:20:49.543 [info] > git status -z -uall [15ms]
2026-05-07 21:20:49.545 [info] > git for-each-ref --sort -committerdate --format %(refname)%00%(objectname)%00%(*objectname) [3ms]
2026-05-07 21:20:50.997 [info] > git check-ignore -v -z --stdin [2ms]
2026-05-07 21:20:51.145 [info] > git check-ignore -v -z --stdin [2ms]
2026-05-07 21:20:51.216 [info] > git show --textconv :templates/dashboard/index.html [11ms]
2026-05-07 21:20:51.218 [info] > git ls-files --stage -- templates/dashboard/index.html [3ms]
2026-05-07 21:20:51.227 [info] > git cat-file -s 1373c765d0d1b89077427f01bcd7e695157cb423 [2ms]
2026-05-07 21:20:59.713 [info] > git check-ignore -v -z --stdin [2ms]
2026-05-07 21:20:59.847 [info] > git check-ignore -v -z --stdin [3ms]
2026-05-07 21:20:59.916 [info] > git show --textconv :.env.example [9ms]
2026-05-07 21:20:59.917 [info] > git ls-files --stage -- .env.example [2ms]
2026-05-07 21:20:59.927 [info] > git cat-file -s 3a742894364b2f7ae6018c8147f16282912a6438 [2ms]
2026-05-07 21:21:19.663 [info] > git check-ignore -v -z --stdin [2ms]
2026-05-07 21:21:19.811 [info] > git check-ignore -v -z --stdin [4ms]
2026-05-07 21:21:20.252 [info] > git check-ignore -v -z --stdin [3ms]
2026-05-07 21:21:23.013 [info] > git check-ignore -v -z --stdin [2ms]
2026-05-07 21:21:23.156 [info] > git check-ignore -v -z --stdin [3ms]
2026-05-07 21:21:26.087 [info] > git check-ignore -v -z --stdin [2ms]
2026-05-07 21:21:26.250 [info] > git check-ignore -v -z --stdin [5ms]
2026-05-07 21:21:27.741 [info] > git check-ignore -v -z --stdin [4ms]
2026-05-07 21:21:27.888 [info] > git check-ignore -v -z --stdin [3ms]
2026-05-07 21:21:29.227 [info] > git check-ignore -v -z --stdin [3ms]
2026-05-07 21:21:29.367 [info] > git check-ignore -v -z --stdin [4ms]
2026-05-07 21:21:30.767 [info] > git check-ignore -v -z --stdin [3ms]
2026-05-07 21:21:30.907 [info] > git check-ignore -v -z --stdin [4ms]
2026-05-07 21:21:47.458 [info] > git check-ignore -v -z --stdin [4ms]
2026-05-07 21:21:47.591 [info] > git check-ignore -v -z --stdin [3ms]
2026-05-07 21:21:47.703 [info] > git show --textconv :.env.example [18ms]
2026-05-07 21:21:47.704 [info] > git ls-files --stage -- .env.example [1ms]
2026-05-07 21:21:47.720 [info] > git cat-file -s 3a742894364b2f7ae6018c8147f16282912a6438 [2ms]
2026-05-07 21:25:06.483 [info] > git check-ignore -v -z --stdin [3ms]
2026-05-07 21:25:06.682 [info] > git check-ignore -v -z --stdin [4ms]
2026-05-07 21:25:06.743 [info] > git show --textconv :.env.example [8ms]
2026-05-07 21:25:06.744 [info] > git ls-files --stage -- .env.example [2ms]
2026-05-07 21:25:06.754 [info] > git cat-file -s 3a742894364b2f7ae6018c8147f16282912a6438 [2ms]
2026-05-07 21:25:24.158 [info] > git check-ignore -v -z --stdin [2ms]
2026-05-07 21:25:24.344 [info] > git check-ignore -v -z --stdin [6ms]
2026-05-07 21:34:30.030 [info] > git config --get commit.template [2ms]
2026-05-07 21:34:30.038 [info] [Git][getRemotes] No remotes found in the git config file
2026-05-07 21:34:30.039 [info] > git for-each-ref --format=%(refname)%00%(upstream:short)%00%(objectname)%00%(upstream:track)%00%(upstream:remotename)%00%(upstream:remoteref) refs/heads/master refs/remotes/master [2ms]
2026-05-07 21:34:30.055 [info] > git status -z -uall [9ms]
2026-05-07 21:34:30.056 [info] > git for-each-ref --sort -committerdate --format %(refname)%00%(objectname)%00%(*objectname) [2ms]
2026-05-07 21:34:41.767 [info] > git config --get commit.template [3ms]
2026-05-07 21:34:41.774 [info] [Git][getRemotes] No remotes found in the git config file
2026-05-07 21:34:41.776 [info] > git for-each-ref --format=%(refname)%00%(upstream:short)%00%(objectname)%00%(upstream:track)%00%(upstream:remotename)%00%(upstream:remoteref) refs/heads/master refs/remotes/master [2ms]
2026-05-07 21:34:41.790 [info] > git status -z -uall [8ms]
2026-05-07 21:34:41.791 [info] > git for-each-ref --sort -committerdate --format %(refname)%00%(objectname)%00%(*objectname) [2ms]
2026-05-07 21:35:05.722 [info] [Git][getRemotes] No remotes found in the git config file
2026-05-07 21:35:05.723 [info] > git config --get commit.template [9ms]
2026-05-07 21:35:05.724 [info] > git for-each-ref --format=%(refname)%00%(upstream:short)%00%(objectname)%00%(upstream:track)%00%(upstream:remotename)%00%(upstream:remoteref) refs/heads/master refs/remotes/master [2ms]
2026-05-07 21:35:05.742 [info] > git status -z -uall [10ms]
2026-05-07 21:35:05.743 [info] > git for-each-ref --sort -committerdate --format %(refname)%00%(objectname)%00%(*objectname) [2ms]
