2026-05-07 20:46:08.030 [info] Reading sessions from keychain...
2026-05-07 20:46:08.030 [info] Getting sessions for all scopes...
2026-05-07 20:46:08.030 [info] Got 0 sessions for ...
2026-05-07 20:46:08.030 [info] Getting sessions for all scopes...
2026-05-07 20:46:08.030 [info] Got 0 sessions for ...
2026-05-07 20:46:08.030 [info] Getting sessions for all scopes...
2026-05-07 20:46:08.030 [info] Got 0 sessions for ...
2026-05-07 20:46:08.030 [info] Getting sessions for read:user,repo,user:email,workflow...
2026-05-07 20:46:08.030 [info] Got 0 sessions for read:user,repo,user:email,workflow...
2026-05-07 20:47:34.596 [info] Logging in with 'any' account...
2026-05-07 20:47:34.596 [info] Logging in for the following scopes: read:user repo user:email workflow
2026-05-07 20:47:34.622 [info] Trying device code flow... (read:user repo user:email workflow)
2026-05-07 20:50:31.675 [error] Timed out
2026-05-07 20:50:40.849 [info] Trying to retrieve PAT... (read:user repo user:email workflow)
2026-05-07 20:50:58.376 [error] User Cancelled
2026-05-07 20:51:04.888 [info] Getting sessions for read:user,repo,user:email,workflow...
2026-05-07 20:51:04.888 [info] Got 0 sessions for read:user,repo,user:email,workflow...
2026-05-07 20:51:06.656 [info] Logging in with 'any' account...
2026-05-07 20:51:06.657 [info] Logging in for the following scopes: read:user repo user:email workflow
2026-05-07 20:51:06.670 [info] Trying device code flow... (read:user repo user:email workflow)
2026-05-07 20:53:46.897 [error] Timed out
2026-05-07 20:55:55.131 [info] Getting sessions for read:user,repo,user:email,workflow...
2026-05-07 20:55:55.131 [info] Got 0 sessions for read:user,repo,user:email,workflow...
2026-05-07 20:55:56.804 [info] Logging in with 'any' account...
2026-05-07 20:55:56.804 [info] Logging in for the following scopes: read:user repo user:email workflow
2026-05-07 20:55:56.816 [info] Trying device code flow... (read:user repo user:email workflow)
2026-05-07 20:56:13.861 [info] Getting user info...
2026-05-07 20:56:14.238 [info] Got account info!
2026-05-07 20:56:14.239 [info] Storing 1 sessions...
2026-05-07 20:56:14.249 [info] Reading sessions from keychain...
2026-05-07 20:56:14.250 [info] Stored 1 sessions!
2026-05-07 20:56:14.250 [info] Login success!
2026-05-07 20:56:14.262 [info] Got stored sessions!
2026-05-07 20:56:14.263 [info] Got 1 verified sessions.
2026-05-07 20:56:14.655 [info] FetcherService: Electron fetch failed with status: 401 
2026-05-07 20:56:15.211 [info] FetcherService: Node fetch failed with status: 401 Unauthorized
2026-05-07 20:56:15.651 [info] FetcherService: Node http/s failed with status: 401 Unauthorized
2026-05-07 21:15:40.280 [info] Getting sessions for all scopes...
2026-05-07 21:15:40.281 [info] Got 1 sessions for ...
