2026-05-08 22:43:30.773 [info] [LS Main] Starting language server from: /usr/share/antigravity/resources/app/extensions/antigravity/bin/language_server_linux_x64
2026-05-08 22:43:30.846 [info] [LS Main] Args: --csrf_token 72efe045-3f7d-494f-a1fb-4c1560a7c125 --extension_server_port 39563 --extension_server_csrf_token 66d596ac-823f-4e81-a691-b735683b5a53 --app_data_dir antigravity --cloud_code_endpoint https://cloudcode-pa.googleapis.com
2026-05-08 22:43:30.860 [info] [LS Main] Process spawned with PID: 19112
2026-05-08 22:43:31.101 [error] [LS Main stderr] I0508 22:43:31.100234 19112 server.go:1236] Starting language server process with pid 19112

2026-05-08 22:43:31.104 [error] [LS Main stderr] I0508 22:43:31.100380 19112 server.go:301] Setting GOMAXPROCS to 4
I0508 22:43:31.102213 19112 server.go:440] Language server will attempt to listen on host 127.0.0.1
I0508 22:43:31.102469 19112 server.go:454] Language server listening on random port at 43767 for HTTPS (gRPC)
I0508 22:43:31.102518 19112 server.go:461] Language server listening on random port at 44213 for HTTP

2026-05-08 22:43:31.405 [error] [LS Main stderr] I0508 22:43:31.405231 19112 server.go:433] Created extension server client at port 39563

2026-05-08 22:43:31.435 [error] [LS Main stderr] I0508 22:43:31.435436 19112 cascade_manager.go:773] Reactive state is disabled

2026-05-08 22:43:31.446 [error] [LS Main stderr] E0508 22:43:31.445173 19112 log.go:398] Failed to poll ListExperiments: error getting token source: state syncing error: key not found
E0508 22:43:31.445481 19112 server.go:544] Failed to get OAuth token: error getting token source from auth provider: state syncing error: key not found
W0508 22:43:31.445542 19112 client.go:167] failed to set auth token

2026-05-08 22:43:31.448 [error] [LS Main stderr] W0508 22:43:31.447613 19112 log_context.go:118] Cache(userInfo): Singleflight refresh failed: error getting token source: state syncing error: key not found

2026-05-08 22:43:31.454 [info] [LS Main] LS started on port 43767
2026-05-08 22:43:31.459 [error] [LS Main stderr] I0508 22:43:31.458320 19112 server.go:1693] initialized server successfully in 357.890942ms

2026-05-08 22:43:31.464 [error] [LS Main stderr] W0508 22:43:31.464633 19112 log_context.go:118] Cache(loadCodeAssistResponse): Singleflight refresh failed: error getting token source: state syncing error: key not found
W0508 22:43:31.464708 19112 log_context.go:118] Cache(availableModels): Singleflight refresh failed: failed to get load code assist response: error getting token source: state syncing error: key not found

2026-05-08 22:43:31.465 [error] [LS Main stderr] E0508 22:43:31.464805 19112 log.go:398] Failed to poll FetchAvailableModels: failed to get load code assist response: error getting token source: state syncing error: key not found

2026-05-08 22:43:47.931 [error] [LS Main stderr] W0508 22:43:47.931399 19112 log_context.go:118] Cache(loadCodeAssistResponse): Singleflight refresh failed: error getting token source: state syncing error: key not found
W0508 22:43:47.931485 19112 log_context.go:118] Cache(availableModels): Singleflight refresh failed: failed to get load code assist response: error getting token source: state syncing error: key not found
W0508 22:43:47.931518 19112 log_context.go:118] Failed to refresh cache in background: failed to get load code assist response: error getting token source: state syncing error: key not found
W0508 22:43:47.931551 19112 log_context.go:118] Failed to refresh cache in background: error getting token source: state syncing error: key not found
W0508 22:43:47.931611 19112 log_context.go:118] Cache(peopleInfo): Singleflight refresh failed: error getting token source: state syncing error: key not found
W0508 22:43:47.931641 19112 log_context.go:118] Failed to refresh cache in background: error getting token source: state syncing error: key not found
W0508 22:43:47.931416 19112 log_context.go:118] Cache(userInfo): Singleflight refresh failed: error getting token source: state syncing error: key not found
W0508 22:43:47.931700 19112 log_context.go:118] Failed to refresh cache in background: error getting token source: state syncing error: key not found

2026-05-08 22:43:47.932 [error] [LS Main stderr] W0508 22:43:47.931837 19112 log_context.go:118] Cache(loadCodeAssistResponse): Singleflight refresh failed: error getting token source: state syncing error: key not found
W0508 22:43:47.931907 19112 log_context.go:118] Cache(fetchAdminControls): Singleflight refresh failed: failed to get load code assist response: error getting token source: state syncing error: key not found
W0508 22:43:47.931932 19112 log_context.go:118] Failed to refresh cache in background: failed to get load code assist response: error getting token source: state syncing error: key not found

2026-05-08 22:43:48.955 [error] [LS Main stderr] W0508 22:43:48.952952 19112 log_context.go:118] Cache(peopleInfo): Singleflight refresh failed: error getting token source: state syncing error: key not found
W0508 22:43:48.953033 19112 log_context.go:118] Failed to refresh cache in background: error getting token source: state syncing error: key not found
W0508 22:43:48.953068 19112 log_context.go:118] Cache(userInfo): Singleflight refresh failed: error getting token source: state syncing error: key not found
W0508 22:43:48.953099 19112 log_context.go:118] Failed to refresh cache in background: error getting token source: state syncing error: key not found
W0508 22:43:48.953128 19112 log_context.go:118] Cache(loadCodeAssistResponse): Singleflight refresh failed: error getting token source: state syncing error: key not found
W0508 22:43:48.953187 19112 log_context.go:118] Cache(fetchAdminControls): Singleflight refresh failed: failed to get load code assist response: error getting token source: state syncing error: key not found
W0508 22:43:48.953208 19112 log_context.go:118] Failed to refresh cache in background: failed to get load code assist response: error getting token source: state syncing error: key not found
W0508 22:43:48.953223 19112 log_context.go:118] Failed to refresh cache in background: error getting token source: state syncing error: key not found
W0508 22:43:48.953305 19112 log_context.go:118] Cache(availableModels): Singleflight refresh failed: failed to get load code assist response: error getting token source: state syncing error: key not found
W0508 22:43:48.953327 19112 log_context.go:118] Failed to refresh cache in background: failed to get load code assist response: error getting token source: state syncing error: key not found

2026-05-08 22:43:50.328 [error] [LS Main stderr] W0508 22:43:50.324591 19112 log_context.go:118] Cache(userInfo): Singleflight refresh failed: error getting token source: state syncing error: key not found
W0508 22:43:50.324773 19112 log_context.go:118] Failed to refresh cache in background: error getting token source: state syncing error: key not found
W0508 22:43:50.325307 19112 log_context.go:118] Cache(peopleInfo): Singleflight refresh failed: error getting token source: state syncing error: key not found
W0508 22:43:50.325368 19112 log_context.go:118] Failed to refresh cache in background: error getting token source: state syncing error: key not found
W0508 22:43:50.328569 19112 log_context.go:118] Cache(loadCodeAssistResponse): Singleflight refresh failed: error getting token source: state syncing error: key not found

2026-05-08 22:43:50.332 [error] [LS Main stderr] W0508 22:43:50.330083 19112 log_context.go:118] Cache(fetchAdminControls): Singleflight refresh failed: failed to get load code assist response: error getting token source: state syncing error: key not found
W0508 22:43:50.330135 19112 log_context.go:118] Failed to refresh cache in background: failed to get load code assist response: error getting token source: state syncing error: key not found
W0508 22:43:50.330249 19112 log_context.go:118] Cache(availableModels): Singleflight refresh failed: failed to get load code assist response: error getting token source: state syncing error: key not found
W0508 22:43:50.330319 19112 log_context.go:118] Failed to refresh cache in background: failed to get load code assist response: error getting token source: state syncing error: key not found
W0508 22:43:50.330355 19112 log_context.go:118] Failed to refresh cache in background: error getting token source: state syncing error: key not found

2026-05-08 22:44:32.164 [error] [LS Main stderr] I0508 22:44:32.163824 19112 http_helpers.go:151] URL: https://daily-cloudcode-pa.googleapis.com/v1internal:loadCodeAssist Trace: 0xd3abba3536917c87

2026-05-08 22:44:32.614 [error] [LS Main stderr] I0508 22:44:32.613620 19112 http_helpers.go:151] URL: https://daily-cloudcode-pa.googleapis.com/v1internal:loadCodeAssist Trace: 0x25f2e504a6023e9e

2026-05-08 22:44:32.895 [error] [LS Main stderr] I0508 22:44:32.894760 19112 http_helpers.go:151] URL: https://daily-cloudcode-pa.googleapis.com/v1internal:fetchAvailableModels Trace: 0xbe058dadb235f010

